This is pdfTeX, Version 3.141592653-2.6-1.40.25 (TeX Live 2023/Debian) (preloaded format=pdflatex 2024.10.23)  28 JUL 2026 17:56
entering extended mode
 restricted \write18 enabled.
 file:line:error style messages enabled.
 %&-line parsing enabled.
**/home/gr/Git/RG/RG.tex
(/home/gr/Git/RG/RG.tex
LaTeX2e <2023-11-01> patch level 1
L3 programming layer <2024-01-22>
(/usr/share/texlive/texmf-dist/tex/latex/base/report.cls
Document Class: report 2023/05/17 v1.4n Standard LaTeX document class
(/usr/share/texlive/texmf-dist/tex/latex/base/size11.clo
File: size11.clo 2023/05/17 v1.4n Standard LaTeX file (size option)
)
\c@part=\count187
\c@chapter=\count188
\c@section=\count189
\c@subsection=\count190
\c@subsubsection=\count191
\c@paragraph=\count192
\c@subparagraph=\count193
\c@figure=\count194
\c@table=\count195
\abovecaptionskip=\skip48
\belowcaptionskip=\skip49
\bibindent=\dimen140
) (/usr/share/texlive/texmf-dist/tex/latex/float/float.sty
Package: float 2001/11/08 v1.3d Float enhancements (AL)
\c@float@type=\count196
\float@exts=\toks17
\float@box=\box51
\@float@everytoks=\toks18
\@floatcapt=\box52
) (/usr/share/texlive/texmf-dist/tex/latex/captdef/captdef.sty
Package: captdef 1998/12/17 non-floating captions
) (/usr/share/texlive/texmf-dist/tex/latex/tools/multicol.sty
Package: multicol 2023/03/30 v1.9f multicolumn formatting (FMi)
\c@tracingmulticols=\count197
\mult@box=\box53
\multicol@leftmargin=\dimen141
\c@unbalance=\count198
\c@collectmore=\count199
\doublecol@number=\count266
\multicoltolerance=\count267
\multicolpretolerance=\count268
\full@width=\dimen142
\page@free=\dimen143
\premulticols=\dimen144
\postmulticols=\dimen145
\multicolsep=\skip50
\multicolbaselineskip=\skip51
\partial@page=\box54
\last@line=\box55
\mc@boxedresult=\box56
\maxbalancingoverflow=\dimen146
\mult@rightbox=\box57
\mult@grightbox=\box58
\mult@firstbox=\box59
\mult@gfirstbox=\box60
\@tempa=\box61
\@tempa=\box62
\@tempa=\box63
\@tempa=\box64
\@tempa=\box65
\@tempa=\box66
\@tempa=\box67
\@tempa=\box68
\@tempa=\box69
\@tempa=\box70
\@tempa=\box71
\@tempa=\box72
\@tempa=\box73
\@tempa=\box74
\@tempa=\box75
\@tempa=\box76
\@tempa=\box77
\@tempa=\box78
\@tempa=\box79
\@tempa=\box80
\@tempa=\box81
\@tempa=\box82
\@tempa=\box83
\@tempa=\box84
\@tempa=\box85
\@tempa=\box86
\@tempa=\box87
\@tempa=\box88
\@tempa=\box89
\@tempa=\box90
\@tempa=\box91
\@tempa=\box92
\@tempa=\box93
\@tempa=\box94
\@tempa=\box95
\@tempa=\box96
\c@minrows=\count269
\c@columnbadness=\count270
\c@finalcolumnbadness=\count271
\last@try=\dimen147
\multicolovershoot=\dimen148
\multicolundershoot=\dimen149
\mult@nat@firstbox=\box97
\colbreak@box=\box98
\mc@col@check@num=\count272
) (/usr/share/texlive/texmf-dist/tex/latex/amsfonts/amssymb.sty
Package: amssymb 2013/01/14 v3.01 AMS font symbols
 (/usr/share/texlive/texmf-dist/tex/latex/amsfonts/amsfonts.sty
Package: amsfonts 2013/01/14 v3.01 Basic AMSFonts support
\@emptytoks=\toks19
\symAMSa=\mathgroup4
\symAMSb=\mathgroup5
LaTeX Font Info:    Redeclaring math symbol \hbar on input line 98.
LaTeX Font Info:    Overwriting math alphabet `\mathfrak' in version `bold'
(Font)                  U/euf/m/n --> U/euf/b/n on input line 106.
)) (/usr/share/texlive/texmf-dist/tex/latex/amsmath/amsmath.sty
Package: amsmath 2023/05/13 v2.17o AMS math features
\@mathmargin=\skip52

For additional information on amsmath, use the `?' option.
(/usr/share/texlive/texmf-dist/tex/latex/amsmath/amstext.sty
Package: amstext 2021/08/26 v2.01 AMS text
 (/usr/share/texlive/texmf-dist/tex/latex/amsmath/amsgen.sty
File: amsgen.sty 1999/11/30 v2.0 generic functions
\@emptytoks=\toks20
\ex@=\dimen150
)) (/usr/share/texlive/texmf-dist/tex/latex/amsmath/amsbsy.sty
Package: amsbsy 1999/11/29 v1.2d Bold Symbols
\pmbraise@=\dimen151
) (/usr/share/texlive/texmf-dist/tex/latex/amsmath/amsopn.sty
Package: amsopn 2022/04/08 v2.04 operator names
)
\inf@bad=\count273
LaTeX Info: Redefining \frac on input line 234.
\uproot@=\count274
\leftroot@=\count275
LaTeX Info: Redefining \overline on input line 399.
LaTeX Info: Redefining \colon on input line 410.
\classnum@=\count276
\DOTSCASE@=\count277
LaTeX Info: Redefining \ldots on input line 496.
LaTeX Info: Redefining \dots on input line 499.
LaTeX Info: Redefining \cdots on input line 620.
\Mathstrutbox@=\box99
\strutbox@=\box100
LaTeX Info: Redefining \big on input line 722.
LaTeX Info: Redefining \Big on input line 723.
LaTeX Info: Redefining \bigg on input line 724.
LaTeX Info: Redefining \Bigg on input line 725.
\big@size=\dimen152
LaTeX Font Info:    Redeclaring font encoding OML on input line 743.
LaTeX Font Info:    Redeclaring font encoding OMS on input line 744.
\macc@depth=\count278
LaTeX Info: Redefining \bmod on input line 905.
LaTeX Info: Redefining \pmod on input line 910.
LaTeX Info: Redefining \smash on input line 940.
LaTeX Info: Redefining \relbar on input line 970.
LaTeX Info: Redefining \Relbar on input line 971.
\c@MaxMatrixCols=\count279
\dotsspace@=\muskip16
\c@parentequation=\count280
\dspbrk@lvl=\count281
\tag@help=\toks21
\row@=\count282
\column@=\count283
\maxfields@=\count284
\andhelp@=\toks22
\eqnshift@=\dimen153
\alignsep@=\dimen154
\tagshift@=\dimen155
\tagwidth@=\dimen156
\totwidth@=\dimen157
\lineht@=\dimen158
\@envbody=\toks23
\multlinegap=\skip53
\multlinetaggap=\skip54
\mathdisplay@stack=\toks24
LaTeX Info: Redefining \[ on input line 2953.
LaTeX Info: Redefining \] on input line 2954.
) (/usr/share/texlive/texmf-dist/tex/latex/tcolorbox/tcolorbox.sty
Package: tcolorbox 2024/01/10 version 6.2.0 text color boxes
 (/usr/share/texlive/texmf-dist/tex/latex/pgf/basiclayer/pgf.sty (/usr/share/texlive/texmf-dist/tex/latex/pgf/utilities/pgfrcs.sty (/usr/share/texlive/texmf-dist/tex/generic/pgf/utilities/pgfutil-common.tex
\pgfutil@everybye=\toks25
\pgfutil@tempdima=\dimen159
\pgfutil@tempdimb=\dimen160
) (/usr/share/texlive/texmf-dist/tex/generic/pgf/utilities/pgfutil-latex.def
\pgfutil@abb=\box101
) (/usr/share/texlive/texmf-dist/tex/generic/pgf/utilities/pgfrcs.code.tex (/usr/share/texlive/texmf-dist/tex/generic/pgf/pgf.revision.tex)
Package: pgfrcs 2023-01-15 v3.1.10 (3.1.10)
))
Package: pgf 2023-01-15 v3.1.10 (3.1.10)
 (/usr/share/texlive/texmf-dist/tex/latex/pgf/basiclayer/pgfcore.sty (/usr/share/texlive/texmf-dist/tex/latex/graphics/graphicx.sty
Package: graphicx 2021/09/16 v1.2d Enhanced LaTeX Graphics (DPC,SPQR)
 (/usr/share/texlive/texmf-dist/tex/latex/graphics/keyval.sty
Package: keyval 2022/05/29 v1.15 key=value parser (DPC)
\KV@toks@=\toks26
) (/usr/share/texlive/texmf-dist/tex/latex/graphics/graphics.sty
Package: graphics 2022/03/10 v1.4e Standard LaTeX Graphics (DPC,SPQR)
 (/usr/share/texlive/texmf-dist/tex/latex/graphics/trig.sty
Package: trig 2021/08/11 v1.11 sin cos tan (DPC)
) (/usr/share/texlive/texmf-dist/tex/latex/graphics-cfg/graphics.cfg
File: graphics.cfg 2016/06/04 v1.11 sample graphics configuration
)
Package graphics Info: Driver file: pdftex.def on input line 107.
 (/usr/share/texlive/texmf-dist/tex/latex/graphics-def/pdftex.def
File: pdftex.def 2022/09/22 v1.2b Graphics/color driver for pdftex
))
\Gin@req@height=\dimen161
\Gin@req@width=\dimen162
) (/usr/share/texlive/texmf-dist/tex/latex/pgf/systemlayer/pgfsys.sty (/usr/share/texlive/texmf-dist/tex/generic/pgf/systemlayer/pgfsys.code.tex
Package: pgfsys 2023-01-15 v3.1.10 (3.1.10)
 (/usr/share/texlive/texmf-dist/tex/generic/pgf/utilities/pgfkeys.code.tex
\pgfkeys@pathtoks=\toks27
\pgfkeys@temptoks=\toks28
 (/usr/share/texlive/texmf-dist/tex/generic/pgf/utilities/pgfkeyslibraryfiltered.code.tex
\pgfkeys@tmptoks=\toks29
))
\pgf@x=\dimen163
\pgf@y=\dimen164
\pgf@xa=\dimen165
\pgf@ya=\dimen166
\pgf@xb=\dimen167
\pgf@yb=\dimen168
\pgf@xc=\dimen169
\pgf@yc=\dimen170
\pgf@xd=\dimen171
\pgf@yd=\dimen172
\w@pgf@writea=\write3
\r@pgf@reada=\read2
\c@pgf@counta=\count285
\c@pgf@countb=\count286
\c@pgf@countc=\count287
\c@pgf@countd=\count288
\t@pgf@toka=\toks30
\t@pgf@tokb=\toks31
\t@pgf@tokc=\toks32
\pgf@sys@id@count=\count289
 (/usr/share/texlive/texmf-dist/tex/generic/pgf/systemlayer/pgf.cfg
File: pgf.cfg 2023-01-15 v3.1.10 (3.1.10)
)
Driver file for pgf: pgfsys-pdftex.def
 (/usr/share/texlive/texmf-dist/tex/generic/pgf/systemlayer/pgfsys-pdftex.def
File: pgfsys-pdftex.def 2023-01-15 v3.1.10 (3.1.10)
 (/usr/share/texlive/texmf-dist/tex/generic/pgf/systemlayer/pgfsys-common-pdf.def
File: pgfsys-common-pdf.def 2023-01-15 v3.1.10 (3.1.10)
))) (/usr/share/texlive/texmf-dist/tex/generic/pgf/systemlayer/pgfsyssoftpath.code.tex
File: pgfsyssoftpath.code.tex 2023-01-15 v3.1.10 (3.1.10)
\pgfsyssoftpath@smallbuffer@items=\count290
\pgfsyssoftpath@bigbuffer@items=\count291
) (/usr/share/texlive/texmf-dist/tex/generic/pgf/systemlayer/pgfsysprotocol.code.tex
File: pgfsysprotocol.code.tex 2023-01-15 v3.1.10 (3.1.10)
)) (/usr/share/texlive/texmf-dist/tex/latex/xcolor/xcolor.sty
Package: xcolor 2023/11/15 v3.01 LaTeX color extensions (UK)
 (/usr/share/texlive/texmf-dist/tex/latex/graphics-cfg/color.cfg
File: color.cfg 2016/01/02 v1.6 sample color configuration
)
Package xcolor Info: Driver file: pdftex.def on input line 274.
 (/usr/share/texlive/texmf-dist/tex/latex/graphics/mathcolor.ltx)
Package xcolor Info: Model `cmy' substituted by `cmy0' on input line 1350.
Package xcolor Info: Model `hsb' substituted by `rgb' on input line 1354.
Package xcolor Info: Model `RGB' extended on input line 1366.
Package xcolor Info: Model `HTML' substituted by `rgb' on input line 1368.
Package xcolor Info: Model `Hsb' substituted by `hsb' on input line 1369.
Package xcolor Info: Model `tHsb' substituted by `hsb' on input line 1370.
Package xcolor Info: Model `HSB' substituted by `hsb' on input line 1371.
Package xcolor Info: Model `Gray' substituted by `gray' on input line 1372.
Package xcolor Info: Model `wave' substituted by `hsb' on input line 1373.
) (/usr/share/texlive/texmf-dist/tex/generic/pgf/basiclayer/pgfcore.code.tex
Package: pgfcore 2023-01-15 v3.1.10 (3.1.10)
 (/usr/share/texlive/texmf-dist/tex/generic/pgf/math/pgfmath.code.tex (/usr/share/texlive/texmf-dist/tex/generic/pgf/math/pgfmathutil.code.tex) (/usr/share/texlive/texmf-dist/tex/generic/pgf/math/pgfmathparser.code.tex
\pgfmath@dimen=\dimen173
\pgfmath@count=\count292
\pgfmath@box=\box102
\pgfmath@toks=\toks33
\pgfmath@stack@operand=\toks34
\pgfmath@stack@operation=\toks35
) (/usr/share/texlive/texmf-dist/tex/generic/pgf/math/pgfmathfunctions.code.tex) (/usr/share/texlive/texmf-dist/tex/generic/pgf/math/pgfmathfunctions.basic.code.tex) (/usr/share/texlive/texmf-dist/tex/generic/pgf/math/pgfmathfunctions.trigonometric.code.tex) (/usr/share/texlive/texmf-dist/tex/generic/pgf/math/pgfmathfunctions.random.code.tex) (/usr/share/texlive/texmf-dist/tex/generic/pgf/math/pgfmathfunctions.comparison.code.tex) (/usr/share/texlive/texmf-dist/tex/generic/pgf/math/pgfmathfunctions.base.code.tex) (/usr/share/texlive/texmf-dist/tex/generic/pgf/math/pgfmathfunctions.round.code.tex) (/usr/share/texlive/texmf-dist/tex/generic/pgf/math/pgfmathfunctions.misc.code.tex) (/usr/share/texlive/texmf-dist/tex/generic/pgf/math/pgfmathfunctions.integerarithmetics.code.tex) (/usr/share/texlive/texmf-dist/tex/generic/pgf/math/pgfmathcalc.code.tex) (/usr/share/texlive/texmf-dist/tex/generic/pgf/math/pgfmathfloat.code.tex
\c@pgfmathroundto@lastzeros=\count293
)) (/usr/share/texlive/texmf-dist/tex/generic/pgf/math/pgfint.code.tex) (/usr/share/texlive/texmf-dist/tex/generic/pgf/basiclayer/pgfcorepoints.code.tex
File: pgfcorepoints.code.tex 2023-01-15 v3.1.10 (3.1.10)
\pgf@picminx=\dimen174
\pgf@picmaxx=\dimen175
\pgf@picminy=\dimen176
\pgf@picmaxy=\dimen177
\pgf@pathminx=\dimen178
\pgf@pathmaxx=\dimen179
\pgf@pathminy=\dimen180
\pgf@pathmaxy=\dimen181
\pgf@xx=\dimen182
\pgf@xy=\dimen183
\pgf@yx=\dimen184
\pgf@yy=\dimen185
\pgf@zx=\dimen186
\pgf@zy=\dimen187
) (/usr/share/texlive/texmf-dist/tex/generic/pgf/basiclayer/pgfcorepathconstruct.code.tex
File: pgfcorepathconstruct.code.tex 2023-01-15 v3.1.10 (3.1.10)
\pgf@path@lastx=\dimen188
\pgf@path@lasty=\dimen189
) (/usr/share/texlive/texmf-dist/tex/generic/pgf/basiclayer/pgfcorepathusage.code.tex
File: pgfcorepathusage.code.tex 2023-01-15 v3.1.10 (3.1.10)
\pgf@shorten@end@additional=\dimen190
\pgf@shorten@start@additional=\dimen191
) (/usr/share/texlive/texmf-dist/tex/generic/pgf/basiclayer/pgfcorescopes.code.tex
File: pgfcorescopes.code.tex 2023-01-15 v3.1.10 (3.1.10)
\pgfpic=\box103
\pgf@hbox=\box104
\pgf@layerbox@main=\box105
\pgf@picture@serial@count=\count294
) (/usr/share/texlive/texmf-dist/tex/generic/pgf/basiclayer/pgfcoregraphicstate.code.tex
File: pgfcoregraphicstate.code.tex 2023-01-15 v3.1.10 (3.1.10)
\pgflinewidth=\dimen192
) (/usr/share/texlive/texmf-dist/tex/generic/pgf/basiclayer/pgfcoretransformations.code.tex
File: pgfcoretransformations.code.tex 2023-01-15 v3.1.10 (3.1.10)
\pgf@pt@x=\dimen193
\pgf@pt@y=\dimen194
\pgf@pt@temp=\dimen195
) (/usr/share/texlive/texmf-dist/tex/generic/pgf/basiclayer/pgfcorequick.code.tex
File: pgfcorequick.code.tex 2023-01-15 v3.1.10 (3.1.10)
) (/usr/share/texlive/texmf-dist/tex/generic/pgf/basiclayer/pgfcoreobjects.code.tex
File: pgfcoreobjects.code.tex 2023-01-15 v3.1.10 (3.1.10)
) (/usr/share/texlive/texmf-dist/tex/generic/pgf/basiclayer/pgfcorepathprocessing.code.tex
File: pgfcorepathprocessing.code.tex 2023-01-15 v3.1.10 (3.1.10)
) (/usr/share/texlive/texmf-dist/tex/generic/pgf/basiclayer/pgfcorearrows.code.tex
File: pgfcorearrows.code.tex 2023-01-15 v3.1.10 (3.1.10)
\pgfarrowsep=\dimen196
) (/usr/share/texlive/texmf-dist/tex/generic/pgf/basiclayer/pgfcoreshade.code.tex
File: pgfcoreshade.code.tex 2023-01-15 v3.1.10 (3.1.10)
\pgf@max=\dimen197
\pgf@sys@shading@range@num=\count295
\pgf@shadingcount=\count296
) (/usr/share/texlive/texmf-dist/tex/generic/pgf/basiclayer/pgfcoreimage.code.tex
File: pgfcoreimage.code.tex 2023-01-15 v3.1.10 (3.1.10)
) (/usr/share/texlive/texmf-dist/tex/generic/pgf/basiclayer/pgfcoreexternal.code.tex
File: pgfcoreexternal.code.tex 2023-01-15 v3.1.10 (3.1.10)
\pgfexternal@startupbox=\box106
) (/usr/share/texlive/texmf-dist/tex/generic/pgf/basiclayer/pgfcorelayers.code.tex
File: pgfcorelayers.code.tex 2023-01-15 v3.1.10 (3.1.10)
) (/usr/share/texlive/texmf-dist/tex/generic/pgf/basiclayer/pgfcoretransparency.code.tex
File: pgfcoretransparency.code.tex 2023-01-15 v3.1.10 (3.1.10)
) (/usr/share/texlive/texmf-dist/tex/generic/pgf/basiclayer/pgfcorepatterns.code.tex
File: pgfcorepatterns.code.tex 2023-01-15 v3.1.10 (3.1.10)
) (/usr/share/texlive/texmf-dist/tex/generic/pgf/basiclayer/pgfcorerdf.code.tex
File: pgfcorerdf.code.tex 2023-01-15 v3.1.10 (3.1.10)
))) (/usr/share/texlive/texmf-dist/tex/generic/pgf/modules/pgfmoduleshapes.code.tex
File: pgfmoduleshapes.code.tex 2023-01-15 v3.1.10 (3.1.10)
\pgfnodeparttextbox=\box107
) (/usr/share/texlive/texmf-dist/tex/generic/pgf/modules/pgfmoduleplot.code.tex
File: pgfmoduleplot.code.tex 2023-01-15 v3.1.10 (3.1.10)
) (/usr/share/texlive/texmf-dist/tex/latex/pgf/compatibility/pgfcomp-version-0-65.sty
Package: pgfcomp-version-0-65 2023-01-15 v3.1.10 (3.1.10)
\pgf@nodesepstart=\dimen198
\pgf@nodesepend=\dimen199
) (/usr/share/texlive/texmf-dist/tex/latex/pgf/compatibility/pgfcomp-version-1-18.sty
Package: pgfcomp-version-1-18 2023-01-15 v3.1.10 (3.1.10)
)) (/usr/share/texlive/texmf-dist/tex/latex/tools/verbatim.sty
Package: verbatim 2023-11-06 v1.5v LaTeX2e package for verbatim enhancements
\every@verbatim=\toks36
\verbatim@line=\toks37
\verbatim@in@stream=\read3
) (/usr/share/texlive/texmf-dist/tex/latex/environ/environ.sty
Package: environ 2014/05/04 v0.3 A new way to define environments
 (/usr/share/texlive/texmf-dist/tex/latex/trimspaces/trimspaces.sty
Package: trimspaces 2009/09/17 v1.1 Trim spaces around a token list
)) (/usr/share/texlive/texmf-dist/tex/latex/etoolbox/etoolbox.sty
Package: etoolbox 2020/10/05 v2.5k e-TeX tools for LaTeX (JAW)
\etb@tempcnta=\count297
)
\tcb@titlebox=\box108
\tcb@upperbox=\box109
\tcb@lowerbox=\box110
\tcb@phantombox=\box111
\c@tcbbreakpart=\count298
\c@tcblayer=\count299
\c@tcolorbox@number=\count300
\l__tcobox_tmpa_box=\box112
\l__tcobox_tmpa_dim=\dimen256
\tcb@temp=\box113
\tcb@temp=\box114
\tcb@temp=\box115
\tcb@temp=\box116
) (/usr/share/texlive/texmf-dist/tex/generic/babel/babel.sty
Package: babel 2024/01/07 v24.1 The Babel package
\babel@savecnt=\count301
\U@D=\dimen257
\l@unhyphenated=\language14
 (/usr/share/texlive/texmf-dist/tex/generic/babel/txtbabel.def)
\bbl@readstream=\read4
\bbl@dirlevel=\count302
 (/usr/share/texlive/texmf-dist/tex/generic/babel-spanish/spanish.ldf
Language: spanish.ldf 2021/05/27 v5.0q Spanish support from the babel system
\es@quottoks=\toks38
\es@quotdepth=\count303
Package babel Info: Making " an active character on input line 570.
Package babel Info: Making . an active character on input line 675.
Package babel Info: Making < an active character on input line 722.
Package babel Info: Making > an active character on input line 722.
)) (/usr/share/texlive/texmf-dist/tex/generic/babel/locale/es/babel-spanish.tex
Package babel Info: Importing font and identification data for spanish
(babel)             from babel-es.ini. Reported on input line 11.
) (/usr/share/texlive/texmf-dist/tex/latex/base/inputenc.sty
Package: inputenc 2021/02/14 v1.3d Input encoding file
\inpenc@prehook=\toks39
\inpenc@posthook=\toks40
) (/usr/share/texlive/texmf-dist/tex/latex/hyperref/hyperref.sty
Package: hyperref 2024-01-20 v7.01h Hypertext links for LaTeX
 (/usr/share/texlive/texmf-dist/tex/generic/iftex/iftex.sty
Package: iftex 2022/02/03 v1.0f TeX engine tests
) (/usr/share/texlive/texmf-dist/tex/latex/kvsetkeys/kvsetkeys.sty
Package: kvsetkeys 2022-10-05 v1.19 Key value parser (HO)
) (/usr/share/texlive/texmf-dist/tex/generic/kvdefinekeys/kvdefinekeys.sty
Package: kvdefinekeys 2019-12-19 v1.6 Define keys (HO)
) (/usr/share/texlive/texmf-dist/tex/generic/pdfescape/pdfescape.sty
Package: pdfescape 2019/12/09 v1.15 Implements pdfTeX's escape features (HO)
 (/usr/share/texlive/texmf-dist/tex/generic/ltxcmds/ltxcmds.sty
Package: ltxcmds 2023-12-04 v1.26 LaTeX kernel commands for general use (HO)
) (/usr/share/texlive/texmf-dist/tex/generic/pdftexcmds/pdftexcmds.sty
Package: pdftexcmds 2020-06-27 v0.33 Utility functions of pdfTeX for LuaTeX (HO)
 (/usr/share/texlive/texmf-dist/tex/generic/infwarerr/infwarerr.sty
Package: infwarerr 2019/12/03 v1.5 Providing info/warning/error messages (HO)
)
Package pdftexcmds Info: \pdf@primitive is available.
Package pdftexcmds Info: \pdf@ifprimitive is available.
Package pdftexcmds Info: \pdfdraftmode found.
)) (/usr/share/texlive/texmf-dist/tex/latex/hycolor/hycolor.sty
Package: hycolor 2020-01-27 v1.10 Color options for hyperref/bookmark (HO)
) (/usr/share/texlive/texmf-dist/tex/latex/auxhook/auxhook.sty
Package: auxhook 2019-12-17 v1.6 Hooks for auxiliary files (HO)
) (/usr/share/texlive/texmf-dist/tex/latex/hyperref/nameref.sty
Package: nameref 2023-11-26 v2.56 Cross-referencing by name of section
 (/usr/share/texlive/texmf-dist/tex/latex/refcount/refcount.sty
Package: refcount 2019/12/15 v3.6 Data extraction from label references (HO)
) (/usr/share/texlive/texmf-dist/tex/generic/gettitlestring/gettitlestring.sty
Package: gettitlestring 2019/12/15 v1.6 Cleanup title references (HO)
 (/usr/share/texlive/texmf-dist/tex/latex/kvoptions/kvoptions.sty
Package: kvoptions 2022-06-15 v3.15 Key value format for package options (HO)
))
\c@section@level=\count304
)
\@linkdim=\dimen258
\Hy@linkcounter=\count305
\Hy@pagecounter=\count306
 (/usr/share/texlive/texmf-dist/tex/latex/hyperref/pd1enc.def
File: pd1enc.def 2024-01-20 v7.01h Hyperref: PDFDocEncoding definition (HO)
Now handling font encoding PD1 ...
... no UTF-8 mapping file for font encoding PD1
) (/usr/share/texlive/texmf-dist/tex/generic/intcalc/intcalc.sty
Package: intcalc 2019/12/15 v1.3 Expandable calculations with integers (HO)
)
\Hy@SavedSpaceFactor=\count307
 (/usr/share/texlive/texmf-dist/tex/latex/hyperref/puenc.def
File: puenc.def 2024-01-20 v7.01h Hyperref: PDF Unicode definition (HO)
Now handling font encoding PU ...
... no UTF-8 mapping file for font encoding PU
)
Package hyperref Info: Option `colorlinks' set `true' on input line 4062.
Package hyperref Info: Hyper figures OFF on input line 4179.
Package hyperref Info: Link nesting OFF on input line 4184.
Package hyperref Info: Hyper index ON on input line 4187.
Package hyperref Info: Plain pages OFF on input line 4194.
Package hyperref Info: Backreferencing OFF on input line 4199.
Package hyperref Info: Implicit mode ON; LaTeX internals redefined.
Package hyperref Info: Bookmarks ON on input line 4446.
\c@Hy@tempcnt=\count308
 (/usr/share/texlive/texmf-dist/tex/latex/url/url.sty
\Urlmuskip=\muskip17
Package: url 2013/09/16  ver 3.4  Verb mode for urls, etc.
)
LaTeX Info: Redefining \url on input line 4784.
\XeTeXLinkMargin=\dimen259
 (/usr/share/texlive/texmf-dist/tex/generic/bitset/bitset.sty
Package: bitset 2019/12/09 v1.3 Handle bit-vector datatype (HO)
 (/usr/share/texlive/texmf-dist/tex/generic/bigintcalc/bigintcalc.sty
Package: bigintcalc 2019/12/15 v1.5 Expandable calculations on big integers (HO)
))
\Fld@menulength=\count309
\Field@Width=\dimen260
\Fld@charsize=\dimen261
Package hyperref Info: Hyper figures OFF on input line 6063.
Package hyperref Info: Link nesting OFF on input line 6068.
Package hyperref Info: Hyper index ON on input line 6071.
Package hyperref Info: backreferencing OFF on input line 6078.
Package hyperref Info: Link coloring ON on input line 6081.
Package hyperref Info: Link coloring with OCG OFF on input line 6088.
Package hyperref Info: PDF/A mode OFF on input line 6093.
 (/usr/share/texlive/texmf-dist/tex/latex/base/atbegshi-ltx.sty
Package: atbegshi-ltx 2021/01/10 v1.0c Emulation of the original atbegshi
package with kernel methods
)
\Hy@abspage=\count310
\c@Item=\count311
\c@Hfootnote=\count312
)
Package hyperref Info: Driver (autodetected): hpdftex.
 (/usr/share/texlive/texmf-dist/tex/latex/hyperref/hpdftex.def
File: hpdftex.def 2024-01-20 v7.01h Hyperref driver for pdfTeX
 (/usr/share/texlive/texmf-dist/tex/latex/base/atveryend-ltx.sty
Package: atveryend-ltx 2020/08/19 v1.0a Emulation of the original atveryend package
with kernel methods
)
\Fld@listcount=\count313
\c@bookmark@seq@number=\count314
 (/usr/share/texlive/texmf-dist/tex/latex/rerunfilecheck/rerunfilecheck.sty
Package: rerunfilecheck 2022-07-10 v1.10 Rerun checks for auxiliary files (HO)
 (/usr/share/texlive/texmf-dist/tex/generic/uniquecounter/uniquecounter.sty
Package: uniquecounter 2019/12/15 v1.4 Provide unlimited unique counter (HO)
)
Package uniquecounter Info: New unique counter `rerunfilecheck' on input line 285.
)
\Hy@SectionHShift=\skip55
) (/usr/share/texlive/texmf-dist/tex/latex/cancel/cancel.sty
Package: cancel 2013/04/12 v2.2 Cancel math terms
) (/usr/share/texlive/texmf-dist/tex/latex/marginnote/marginnote.sty
Package: marginnote 2018/08/09 1.4b non floating margin notes for LaTeX
\c@mn@abspage=\count315
) (/usr/share/texlive/texmf-dist/tex/latex/geometry/geometry.sty
Package: geometry 2020/01/02 v5.9 Page Geometry
 (/usr/share/texlive/texmf-dist/tex/generic/iftex/ifvtex.sty
Package: ifvtex 2019/10/25 v1.7 ifvtex legacy package. Use iftex instead.
)
\Gm@cnth=\count316
\Gm@cntv=\count317
\c@Gm@tempcnt=\count318
\Gm@bindingoffset=\dimen262
\Gm@wd@mp=\dimen263
\Gm@odd@mp=\dimen264
\Gm@even@mp=\dimen265
\Gm@layoutwidth=\dimen266
\Gm@layoutheight=\dimen267
\Gm@layouthoffset=\dimen268
\Gm@layoutvoffset=\dimen269
\Gm@dimlist=\toks41
) (/usr/share/texlive/texmf-dist/tex/latex/l3backend/l3backend-pdftex.def
File: l3backend-pdftex.def 2024-01-04 L3 backend support: PDF output (pdfTeX)
\l__color_backend_stack_int=\count319
\l__pdf_internal_box=\box117
) (./RG.aux
LaTeX Info: Redefining \. on input line 11.
LaTeX Info: Redefining \% on input line 11.
)
\openout1 = `RG.aux'.

LaTeX Font Info:    Checking defaults for OML/cmm/m/it on input line 21.
LaTeX Font Info:    ... okay on input line 21.
LaTeX Font Info:    Checking defaults for OMS/cmsy/m/n on input line 21.
LaTeX Font Info:    ... okay on input line 21.
LaTeX Font Info:    Checking defaults for OT1/cmr/m/n on input line 21.
LaTeX Font Info:    ... okay on input line 21.
LaTeX Font Info:    Checking defaults for T1/cmr/m/n on input line 21.
LaTeX Font Info:    ... okay on input line 21.
LaTeX Font Info:    Checking defaults for TS1/cmr/m/n on input line 21.
LaTeX Font Info:    ... okay on input line 21.
LaTeX Font Info:    Checking defaults for OMX/cmex/m/n on input line 21.
LaTeX Font Info:    ... okay on input line 21.
LaTeX Font Info:    Checking defaults for U/cmr/m/n on input line 21.
LaTeX Font Info:    ... okay on input line 21.
LaTeX Font Info:    Checking defaults for PD1/pdf/m/n on input line 21.
LaTeX Font Info:    ... okay on input line 21.
LaTeX Font Info:    Checking defaults for PU/pdf/m/n on input line 21.
LaTeX Font Info:    ... okay on input line 21.
 (/usr/share/texlive/texmf-dist/tex/context/base/mkii/supp-pdf.mkii
[Loading MPS to PDF converter (version 2006.09.02).]
\scratchcounter=\count320
\scratchdimen=\dimen270
\scratchbox=\box118
\nofMPsegments=\count321
\nofMParguments=\count322
\everyMPshowfont=\toks42
\MPscratchCnt=\count323
\MPscratchDim=\dimen271
\MPnumerator=\count324
\makeMPintoPDFobject=\count325
\everyMPtoPDFconversion=\toks43
) (/usr/share/texlive/texmf-dist/tex/latex/epstopdf-pkg/epstopdf-base.sty
Package: epstopdf-base 2020-01-24 v2.11 Base part for package epstopdf
Package epstopdf-base Info: Redefining graphics rule for `.eps' on input line 485.
 (/usr/share/texlive/texmf-dist/tex/latex/latexconfig/epstopdf-sys.cfg
File: epstopdf-sys.cfg 2010/07/13 v1.3 Configuration of (r)epstopdf for TeX Live
))
LaTeX Info: Redefining \. on input line 21.
LaTeX Info: Redefining \% on input line 21.
Package hyperref Info: Link coloring ON on input line 21.
 (./RG.out) (./RG.out)
\@outlinefile=\write4
\openout4 = `RG.out'.


*geometry* driver: auto-detecting
*geometry* detected driver: pdftex
*geometry* verbose mode - [ preamble ] result:
* driver: pdftex
* paper: letterpaper
* layout: <same size as paper>
* layoutoffset:(h,v)=(0.0pt,0.0pt)
* modes: 
* h-part:(L,W,R)=(56.9055pt, 429.3521pt, 128.0374pt)
* v-part:(T,H,B)=(85.35826pt, 624.25346pt, 85.35826pt)
* \paperwidth=614.295pt
* \paperheight=794.96999pt
* \textwidth=429.3521pt
* \textheight=624.25346pt
* \oddsidemargin=-15.36449pt
* \evensidemargin=-15.36449pt
* \topmargin=-23.91173pt
* \headheight=12.0pt
* \headsep=25.0pt
* \topskip=11.0pt
* \footskip=30.0pt
* \marginparwidth=59.0pt
* \marginparsep=10.0pt
* \columnsep=10.0pt
* \skip\footins=10.0pt plus 4.0pt minus 2.0pt
* \hoffset=0.0pt
* \voffset=0.0pt
* \mag=1000
* \@twocolumnfalse
* \@twosidefalse
* \@mparswitchfalse
* \@reversemarginfalse
* (1in=72.27pt=25.4mm, 1cm=28.453pt)


LaTeX Font Warning: Font shape `OT1/cmss/m/sc' in size <20.74> not available
(Font)              Font shape `OT1/cmr/m/sc' tried instead on input line 36.


LaTeX Font Warning: Font shape `OT1/cmss/bx/sc' undefined
(Font)              using `OT1/cmss/bx/n' instead on input line 36.

[1

{/var/lib/texmf/fonts/map/pdftex/updmap/pdftex.map}]
Underfull \hbox (badness 10000) in paragraph at lines 51--52

 []

[2]
LaTeX Font Info:    Trying to load font information for U+msa on input line 79.
 (/usr/share/texlive/texmf-dist/tex/latex/amsfonts/umsa.fd
File: umsa.fd 2013/01/14 v3.01 AMS symbols A
)
LaTeX Font Info:    Trying to load font information for U+msb on input line 79.
 (/usr/share/texlive/texmf-dist/tex/latex/amsfonts/umsb.fd
File: umsb.fd 2013/01/14 v3.01 AMS symbols B
) [1

] (./RG.toc
LaTeX Info: Redefining \. on input line 1.
LaTeX Info: Redefining \% on input line 1.


Package spanish Warning: Replacing `OT1/cmss/bx/sc' by 
(spanish)                faked small caps on input line 2.

[2

] [3] [4] [5])
\tf@toc=\write5
\openout5 = `RG.toc'.

 (./cap-motivaciones.tex
pdfTeX warning (ext4): destination with the same identifier (name{page.1}) has been already used, duplicate ignored
<to be read again> 
                   \relax 
l.1 \chapter
            {Motivaciones para RG: Relatividad Especial y Gravitación newto... [1]
Package marginnote Info: Using workaround for absolute page number on input line 1.

Cap\'{\i }tulo 1.
LaTeX Font Info:    Font shape `OT1/cmss/m/it' in size <10.95> not available
(Font)              Font shape `OT1/cmss/m/sl' tried instead on input line 6.

pdfTeX warning (ext4): destination with the same identifier (name{page.2}) has been already used, duplicate ignored
<to be read again> 
                   \relax 
l.13 
      [2

] [3] [4]
Package marginnote Info: Margin note 13.1 is on absolute page 13 on input line 116.
Package marginnote Info: right page because not two side mode on input line 116.
Package marginnote Info: xpos seems to be 345.94542pt on input line 116.
Package marginnote Info: Margin note 13.2 is on absolute page 13 on input line 122.
Package marginnote Info: right page because not two side mode on input line 122.
Package marginnote Info: xpos seems to be 342.26607pt on input line 122.
 [5]
<fig/fig-ley-gravitacion-Newton.pdf, id=1043, 497.86pt x 355.3275pt>
File: fig/fig-ley-gravitacion-Newton.pdf Graphic file (type pdf)
<use fig/fig-ley-gravitacion-Newton.pdf>
Package pdftex.def Info: fig/fig-ley-gravitacion-Newton.pdf  used on input line 154.
(pdftex.def)             Requested size: 159.46278pt x 113.81102pt.
 [6 <./fig/fig-ley-gravitacion-Newton.pdf>]
Package marginnote Info: Margin note 15.1 is on absolute page 15 on input line 188.
Package marginnote Info: right page because not two side mode on input line 188.
Package marginnote Info: xpos seems to be 235.97084pt on input line 188.
 [7] [8]
<fig/fig-tests-PED.pdf, id=1090, 732.8721pt x 488.28746pt>
File: fig/fig-tests-PED.pdf Graphic file (type pdf)
<use fig/fig-tests-PED.pdf>
Package pdftex.def Info: fig/fig-tests-PED.pdf  used on input line 251.
(pdftex.def)             Requested size: 213.52272pt x 142.26378pt.
 [9 <./fig/fig-tests-PED.pdf>]
Package marginnote Info: Margin note 18.1 is on absolute page 18 on input line 269.
Package marginnote Info: right page because not two side mode on input line 269.
Package marginnote Info: xpos seems to be 224.21346pt on input line 269.
 [10]
<fig/fig-equivalencia.pdf, id=1134, 304.13625pt x 207.77625pt>
File: fig/fig-equivalencia.pdf Graphic file (type pdf)
<use fig/fig-equivalencia.pdf>
Package pdftex.def Info: fig/fig-equivalencia.pdf  used on input line 319.
(pdftex.def)             Requested size: 166.59326pt x 113.81102pt.
<fig/fig-gravedad-y-aceleracion.pdf, id=1142, 304.13625pt x 207.77625pt>
File: fig/fig-gravedad-y-aceleracion.pdf Graphic file (type pdf)
<use fig/fig-gravedad-y-aceleracion.pdf>
Package pdftex.def Info: fig/fig-gravedad-y-aceleracion.pdf  used on input line 330.
(pdftex.def)             Requested size: 166.59326pt x 113.81102pt.
 [11 <./fig/fig-equivalencia.pdf>]
Package marginnote Info: Margin note 20.1 is on absolute page 20 on input line 343.
Package marginnote Info: right page because not two side mode on input line 343.
Package marginnote Info: xpos seems to be 483.21593pt on input line 343.
 [12 <./fig/fig-gravedad-y-aceleracion.pdf>]
<fig/fig-SRLI.pdf, id=1176, 531.9875pt x 533.995pt>
File: fig/fig-SRLI.pdf Graphic file (type pdf)
<use fig/fig-SRLI.pdf>
Package pdftex.def Info: fig/fig-SRLI.pdf  used on input line 358.
(pdftex.def)             Requested size: 170.71652pt x 171.35448pt.
 [13]
<fig/fig-gravedad-y-aceleracion-luz.pdf, id=1183, 304.13625pt x 207.77625pt>
File: fig/fig-gravedad-y-aceleracion-luz.pdf Graphic file (type pdf)
<use fig/fig-gravedad-y-aceleracion-luz.pdf>
Package pdftex.def Info: fig/fig-gravedad-y-aceleracion-luz.pdf  used on input line 366.
(pdftex.def)             Requested size: 170.71652pt x 116.62971pt.
 [14 <./fig/fig-SRLI.pdf> <./fig/fig-gravedad-y-aceleracion-luz.pdf>] [15]
Package marginnote Info: Margin note 24.1 is on absolute page 24 on input line 443.
Package marginnote Info: right page because not two side mode on input line 443.
Package marginnote Info: xpos seems to be 335.6063pt on input line 443.
 [16]
Package marginnote Info: Margin note 25.1 is on absolute page 25 on input line 474.
Package marginnote Info: right page because not two side mode on input line 474.
Package marginnote Info: xpos seems to be 218.13586pt on input line 474.
Package marginnote Info: Margin note 25.2 is on absolute page 25 on input line 478.
Package marginnote Info: right page because not two side mode on input line 478.
Package marginnote Info: xpos seems to be 213.65962pt on input line 478.
Package marginnote Info: Margin note 25.3 is on absolute page 25 on input line 519.
Package marginnote Info: right page because not two side mode on input line 519.
Package marginnote Info: xpos seems to be 390.95303pt on input line 519.
 [17]
Package marginnote Info: Margin note 26.1 is on absolute page 26 on input line 529.
Package marginnote Info: right page because not two side mode on input line 529.
Package marginnote Info: xpos seems to be 331.863pt on input line 529.
) (./cap-tensores-y-geometria-diferencial.tex [18]
Cap\'{\i }tulo 2.
<fig/fig-coordenadas.pdf, id=1261, 783.36194pt x 596.58412pt>
File: fig/fig-coordenadas.pdf Graphic file (type pdf)
<use fig/fig-coordenadas.pdf>
Package pdftex.def Info: fig/fig-coordenadas.pdf  used on input line 15.
(pdftex.def)             Requested size: 224.15695pt x 170.71652pt.
[19

 <./fig/fig-coordenadas.pdf>]
<fig/fig-cambio-coordenadas.pdf, id=1270, 661.07327pt x 562.7326pt>
File: fig/fig-cambio-coordenadas.pdf Graphic file (type pdf)
<use fig/fig-cambio-coordenadas.pdf>
Package pdftex.def Info: fig/fig-cambio-coordenadas.pdf  used on input line 28.
(pdftex.def)             Requested size: 200.55276pt x 170.71652pt.
 [20 <./fig/fig-cambio-coordenadas.pdf>]
Package marginnote Info: Margin note 29.1 is on absolute page 29 on input line 63.
Package marginnote Info: right page because not two side mode on input line 63.
Package marginnote Info: xpos seems to be 235.7688pt on input line 63.
Package marginnote Info: Margin note 29.2 is on absolute page 29 on input line 88.
Package marginnote Info: right page because not two side mode on input line 88.
Package marginnote Info: xpos seems to be 205.9624pt on input line 88.
Package marginnote Info: Margin note 29.3 is on absolute page 29 on input line 103.
Package marginnote Info: right page because not two side mode on input line 103.
Package marginnote Info: xpos seems to be 211.91136pt on input line 103.
 [21]
Package marginnote Info: Margin note 30.1 is on absolute page 30 on input line 118.
Package marginnote Info: right page because not two side mode on input line 118.
Package marginnote Info: xpos seems to be 362.32947pt on input line 118.
Package marginnote Info: Margin note 30.2 is on absolute page 30 on input line 121.
Package marginnote Info: right page because not two side mode on input line 121.
Package marginnote Info: xpos seems to be 182.57811pt on input line 121.
 [22]
Package marginnote Info: Margin note 31.1 is on absolute page 31 on input line 159.
Package marginnote Info: right page because not two side mode on input line 159.
Package marginnote Info: xpos seems to be 211.91136pt on input line 159.
 [23]
Package marginnote Info: Margin note 32.1 is on absolute page 32 on input line 203.
Package marginnote Info: right page because not two side mode on input line 203.
Package marginnote Info: xpos seems to be 89.85997pt on input line 203.
 [24] [25] [26] [27] [28] [29] [30]
Package marginnote Info: Margin note 39.1 is on absolute page 40 on input line 731.
Package marginnote Info: right page because not two side mode on input line 731.
Package marginnote Info: xpos seems to be 220.83502pt on input line 731.
 [31]
Package marginnote Info: Margin note 40.1 is on absolute page 40 on input line 748.
Package marginnote Info: right page because not two side mode on input line 748.
Package marginnote Info: xpos seems to be 120.89433pt on input line 748.
Package marginnote Info: Margin note 40.2 is on absolute page 40 on input line 760.
Package marginnote Info: right page because not two side mode on input line 760.
Package marginnote Info: xpos seems to be 226.66432pt on input line 760.
Package marginnote Info: Margin note 40.3 is on absolute page 40 on input line 772.
Package marginnote Info: right page because not two side mode on input line 772.
Package marginnote Info: xpos seems to be 210.48393pt on input line 772.
Package marginnote Info: Margin note 40.4 is on absolute page 40 on input line 780.
Package marginnote Info: right page because not two side mode on input line 780.
Package marginnote Info: xpos seems to be 213.68782pt on input line 780.
Package marginnote Info: Margin note 40.5 is on absolute page 41 on input line 809.
Package marginnote Info: right page because not two side mode on input line 809.
Package marginnote Info: xpos seems to be 225.0863pt on input line 809.
 [32]
Package marginnote Info: Margin note 41.1 is on absolute page 41 on input line 816.
Package marginnote Info: right page because not two side mode on input line 816.
Package marginnote Info: xpos seems to be 242.87347pt on input line 816.
Package marginnote Info: Margin note 41.2 is on absolute page 41 on input line 820.
Package marginnote Info: right page because not two side mode on input line 820.
Package marginnote Info: xpos seems to be 240.37149pt on input line 820.
<fig/fig-espacios-tangente-y-cotangente.pdf, id=1440, 276.03125pt x 277.035pt>
File: fig/fig-espacios-tangente-y-cotangente.pdf Graphic file (type pdf)
<use fig/fig-espacios-tangente-y-cotangente.pdf>
Package pdftex.def Info: fig/fig-espacios-tangente-y-cotangente.pdf  used on input line 836.
(pdftex.def)             Requested size: 170.09726pt x 170.71652pt.
 [33]
Package marginnote Info: Margin note 42.1 is on absolute page 43 on input line 866.
Package marginnote Info: right page because not two side mode on input line 866.
Package marginnote Info: xpos seems to be 204.96231pt on input line 866.
 [34 <./fig/fig-espacios-tangente-y-cotangente.pdf>] [35]
Package marginnote Info: Margin note 44.1 is on absolute page 44 on input line 922.
Package marginnote Info: right page because not two side mode on input line 922.
Package marginnote Info: xpos seems to be 192.88261pt on input line 922.
Package marginnote Info: Margin note 44.2 is on absolute page 44 on input line 928.
Package marginnote Info: right page because not two side mode on input line 928.
Package marginnote Info: xpos seems to be 184.11694pt on input line 928.
Package marginnote Info: Margin note 44.3 is on absolute page 45 on input line 960.
Package marginnote Info: right page because not two side mode on input line 960.
Package marginnote Info: xpos seems to be 209.74277pt on input line 960.
 [36]
<fig/fig-Killing.pdf, id=1510, 376.40625pt x 288.07625pt>
File: fig/fig-Killing.pdf Graphic file (type pdf)
<use fig/fig-Killing.pdf>
Package pdftex.def Info: fig/fig-Killing.pdf  used on input line 980.
(pdftex.def)             Requested size: 185.88803pt x 142.26378pt.
 [37 <./fig/fig-Killing.pdf>]
Package marginnote Info: Margin note 46.1 is on absolute page 46 on input line 1021.
Package marginnote Info: right page because not two side mode on input line 1021.
Package marginnote Info: xpos seems to be 192.38847pt on input line 1021.
 [38]
<fig/fig-Killing-E2.pdf, id=1554, 756.39798pt x 259.54681pt>
File: fig/fig-Killing-E2.pdf Graphic file (type pdf)
<use fig/fig-Killing-E2.pdf>
Package pdftex.def Info: fig/fig-Killing-E2.pdf  used on input line 1084.
(pdftex.def)             Requested size: 331.68506pt x 113.81102pt.
 [39 <./fig/fig-Killing-E2.pdf>] [40]
<fig/fig-KS2x.pdf, id=2613, 346.29375pt x 347.2975pt>
File: fig/fig-KS2x.pdf Graphic file (type pdf)
<use fig/fig-KS2x.pdf>
Package pdftex.def Info: fig/fig-KS2x.pdf  used on input line 1165.
(pdftex.def)             Requested size: 113.4794pt x 113.81102pt.
<fig/fig-KS2y.pdf, id=2614, 347.2975pt x 347.2975pt>
File: fig/fig-KS2y.pdf Graphic file (type pdf)
<use fig/fig-KS2y.pdf>
Package pdftex.def Info: fig/fig-KS2y.pdf  used on input line 1165.
(pdftex.def)             Requested size: 113.80832pt x 113.81102pt.
<fig/fig-KS2z.pdf, id=2615, 345.29pt x 346.29375pt>
File: fig/fig-KS2z.pdf Graphic file (type pdf)
<use fig/fig-KS2z.pdf>
Package pdftex.def Info: fig/fig-KS2z.pdf  used on input line 1165.
(pdftex.def)             Requested size: 113.47713pt x 113.81102pt.
 [41 <./fig/fig-KS2x.pdf> <./fig/fig-KS2y.pdf> <./fig/fig-KS2z.pdf>] [42]
Package marginnote Info: Margin note 51.1 is on absolute page 51 on input line 1319.
Package marginnote Info: right page because not two side mode on input line 1319.
Package marginnote Info: xpos seems to be 192.23991pt on input line 1319.
 [43] [44]
Package marginnote Info: right page because not two side mode on input line 1447.
Package marginnote Info: xpos seems to be \@mn@currxpos  on input line 1447.
Package marginnote Info: Margin note 53.2 is on absolute page 53 on input line 1447.
Package marginnote Info: right page because not two side mode on input line 1447.
Package marginnote Info: xpos seems to be 128.64809pt on input line 1447.
 [45]
Package marginnote Info: Margin note 54.1 is on absolute page 54 on input line 1475.
Package marginnote Info: right page because not two side mode on input line 1475.
Package marginnote Info: xpos seems to be 130.21011pt on input line 1475.
Package marginnote Info: Margin note 54.2 is on absolute page 54 on input line 1486.
Package marginnote Info: right page because not two side mode on input line 1486.
Package marginnote Info: xpos seems to be 128.07098pt on input line 1486.
<fig/fig-transporte-curva-cerrada.pdf, id=2691, 427.5975pt x 419.5675pt>
File: fig/fig-transporte-curva-cerrada.pdf Graphic file (type pdf)
<use fig/fig-transporte-curva-cerrada.pdf>
Package pdftex.def Info: fig/fig-transporte-curva-cerrada.pdf  used on input line 1512.
(pdftex.def)             Requested size: 144.98322pt x 142.26378pt.
 [46] [47 <./fig/fig-transporte-curva-cerrada.pdf>]
Package marginnote Info: Margin note 56.1 is on absolute page 56 on input line 1560.
Package marginnote Info: right page because not two side mode on input line 1560.
Package marginnote Info: xpos seems to be 161.1584pt on input line 1560.
Package marginnote Info: Margin note 56.2 is on absolute page 56 on input line 1566.
Package marginnote Info: right page because not two side mode on input line 1566.
Package marginnote Info: xpos seems to be 224.69127pt on input line 1566.
<fig/fig-transporte-y-curvatura-01.pdf, id=2723, 703.9877pt x 490.88748pt>
File: fig/fig-transporte-y-curvatura-01.pdf Graphic file (type pdf)
<use fig/fig-transporte-y-curvatura-01.pdf>
Package pdftex.def Info: fig/fig-transporte-y-curvatura-01.pdf  used on input line 1599.
(pdftex.def)             Requested size: 244.83105pt x 170.71652pt.


LaTeX Warning: `!h' float specifier changed to `!ht'.

[48] [49 <./fig/fig-transporte-y-curvatura-01.pdf>]
<fig/fig-torsion-01.pdf, id=2759, 309.155pt x 234.8775pt>
File: fig/fig-torsion-01.pdf Graphic file (type pdf)
<use fig/fig-torsion-01.pdf>
Package pdftex.def Info: fig/fig-torsion-01.pdf  used on input line 1652.
(pdftex.def)             Requested size: 149.80318pt x 113.81102pt.
<fig/fig-torsion-02.pdf, id=2760, 371.3875pt x 286.06876pt>
File: fig/fig-torsion-02.pdf Graphic file (type pdf)
<use fig/fig-torsion-02.pdf>
Package pdftex.def Info: fig/fig-torsion-02.pdf  used on input line 1652.
(pdftex.def)             Requested size: 147.75333pt x 113.81102pt.
 [50 <./fig/fig-torsion-01.pdf> <./fig/fig-torsion-02.pdf>]
Package marginnote Info: Margin note 59.1 is on absolute page 59 on input line 1884.
Package marginnote Info: right page because not two side mode on input line 1884.
Package marginnote Info: xpos seems to be 194.75374pt on input line 1884.
 [51]
Package marginnote Info: Margin note 60.1 is on absolute page 60 on input line 1937.
Package marginnote Info: right page because not two side mode on input line 1937.
Package marginnote Info: xpos seems to be 243.23361pt on input line 1937.


LaTeX Font Warning: Font shape `OT1/cmss/bx/it' undefined
(Font)              using `OT1/cmss/bx/n' instead on input line 2079.

[52] [53] [54] [55] [56]) (./cap-RG-Fundamentos.tex [57]
Cap\'{\i }tulo 3.
[58

]
Package marginnote Info: Margin note 67.1 is on absolute page 67 on input line 55.
Package marginnote Info: right page because not two side mode on input line 55.
Package marginnote Info: xpos seems to be 212.17245pt on input line 55.
 [59]
Package marginnote Info: Margin note 68.1 is on absolute page 68 on input line 90.
Package marginnote Info: right page because not two side mode on input line 90.
Package marginnote Info: xpos seems to be 196.12129pt on input line 90.
 [60] [61] [62]
Package marginnote Info: Margin note 71.1 is on absolute page 71 on input line 187.
Package marginnote Info: right page because not two side mode on input line 187.
Package marginnote Info: xpos seems to be 247.54913pt on input line 187.
Package marginnote Info: Margin note 71.2 is on absolute page 71 on input line 197.
Package marginnote Info: right page because not two side mode on input line 197.
Package marginnote Info: xpos seems to be 207.53235pt on input line 197.
 [63] [64]
Package marginnote Info: Margin note 73.1 is on absolute page 74 on input line 288.
Package marginnote Info: right page because not two side mode on input line 288.
Package marginnote Info: xpos seems to be 190.7906pt on input line 288.
 [65] [66] [67] [68]
Package marginnote Info: Margin note 77.1 is on absolute page 78 on input line 527.
Package marginnote Info: right page because not two side mode on input line 527.
Package marginnote Info: xpos seems to be 126.91656pt on input line 527.
 [69] [70] [71]
Package marginnote Info: Margin note 80.1 is on absolute page 80 on input line 631.
Package marginnote Info: right page because not two side mode on input line 631.
Package marginnote Info: xpos seems to be 66.49718pt on input line 631.
 [72]
Package marginnote Info: Margin note 81.1 is on absolute page 81 on input line 708.
Package marginnote Info: right page because not two side mode on input line 708.
Package marginnote Info: xpos seems to be 174.33528pt on input line 708.
 [73]
Package marginnote Info: Margin note 82.1 is on absolute page 82 on input line 751.
Package marginnote Info: right page because not two side mode on input line 751.
Package marginnote Info: xpos seems to be 190.4886pt on input line 751.
<fig/fig-potencial-efectivo.pdf, id=3183, 433.62pt x 289.08pt>
File: fig/fig-potencial-efectivo.pdf Graphic file (type pdf)
<use fig/fig-potencial-efectivo.pdf>
Package pdftex.def Info: fig/fig-potencial-efectivo.pdf  used on input line 778.
(pdftex.def)             Requested size: 256.07178pt x 170.71652pt.
 [74] [75 <./fig/fig-potencial-efectivo.pdf>] [76] [77]
Package marginnote Info: Margin note 86.1 is on absolute page 86 on input line 936.
Package marginnote Info: right page because not two side mode on input line 936.
Package marginnote Info: xpos seems to be 72.42668pt on input line 936.
<fig/fig-precesion-02.pdf, id=3300, 684.5575pt x 531.9875pt>
File: fig/fig-precesion-02.pdf Graphic file (type pdf)
<use fig/fig-precesion-02.pdf>
Package pdftex.def Info: fig/fig-precesion-02.pdf  used on input line 947.
(pdftex.def)             Requested size: 183.05725pt x 142.26378pt.
 [78]
Package marginnote Info: Margin note 87.1 is on absolute page 87 on input line 964.
Package marginnote Info: right page because not two side mode on input line 964.
Package marginnote Info: xpos seems to be 214.53238pt on input line 964.
 [79 <./fig/fig-precesion-02.pdf>]
Overfull \vbox (0.73184pt too high) has occurred while \output is active []

 [80]
<fig/fig-recta.pdf, id=3372, 562.1pt x 508.90125pt>
File: fig/fig-recta.pdf Graphic file (type pdf)
<use fig/fig-recta.pdf>
Package pdftex.def Info: fig/fig-recta.pdf  used on input line 1046.
(pdftex.def)             Requested size: 188.56412pt x 170.71652pt.
 [81]
Package marginnote Info: Margin note 90.1 is on absolute page 91 on input line 1078.
Package marginnote Info: right page because not two side mode on input line 1078.
Package marginnote Info: xpos seems to be 131.35358pt on input line 1078.
 [82 <./fig/fig-recta.pdf>]
Package marginnote Info: Margin note 91.1 is on absolute page 91 on input line 1106.
Package marginnote Info: right page because not two side mode on input line 1106.
Package marginnote Info: xpos seems to be 242.5696pt on input line 1106.
 [83] [84]
Package marginnote Info: Margin note 93.1 is on absolute page 93 on input line 1154.
Package marginnote Info: right page because not two side mode on input line 1154.
Package marginnote Info: xpos seems to be 225.57327pt on input line 1154.
 [85] [86] [87]
<fig/fig-shapiro-delay-2.pdf, id=3501, 832.10875pt x 661.47125pt>
File: fig/fig-shapiro-delay-2.pdf Graphic file (type pdf)
<use fig/fig-shapiro-delay-2.pdf>
Package pdftex.def Info: fig/fig-shapiro-delay-2.pdf  used on input line 1231.
(pdftex.def)             Requested size: 214.74335pt x 170.71652pt.
) (./cap-Agujeros-Negros.tex [88 <./fig/fig-shapiro-delay-2.pdf>]
Cap\'{\i }tulo 4.
[89

] [90]
<fig/fig-nullrays-cc-01.pdf, id=3534, 461.12274pt x 651.43375pt>
File: fig/fig-nullrays-cc-01.pdf Graphic file (type pdf)
<use fig/fig-nullrays-cc-01.pdf>
Package pdftex.def Info: fig/fig-nullrays-cc-01.pdf  used on input line 95.
(pdftex.def)             Requested size: 161.12096pt x 227.62204pt.
 [91 <./fig/fig-nullrays-cc-01.pdf>] [92]
Package marginnote Info: Margin note 101.1 is on absolute page 101 on input line 148.
Package marginnote Info: right page because not two side mode on input line 148.
Package marginnote Info: xpos seems to be 73.73648pt on input line 148.
<fig/fig-nullrays-cEF.pdf, id=3581, 505.89pt x 433.62pt>
File: fig/fig-nullrays-cEF.pdf Graphic file (type pdf)
<use fig/fig-nullrays-cEF.pdf>
Package pdftex.def Info: fig/fig-nullrays-cEF.pdf  used on input line 160.
(pdftex.def)             Requested size: 199.17207pt x 170.71652pt.
 [93] [94 <./fig/fig-nullrays-cEF.pdf>]
<fig/fig-colapso.pdf, id=3647, 794.97pt x 614.295pt>
File: fig/fig-colapso.pdf Graphic file (type pdf)
<use fig/fig-colapso.pdf>
Package pdftex.def Info: fig/fig-colapso.pdf  used on input line 947.
(pdftex.def)             Requested size: 257.74355pt x 199.16928pt.
) (./cap-Agujeros-Negros-Rotantes.tex [95] [96 <./fig/fig-colapso.pdf>]
Cap\'{\i }tulo 5.

Overfull \vbox (1.6588pt too high) has occurred while \output is active []

 [97

] [98]
<fig/fig-superficies-1.pdf, id=3728, 462.52798pt x 346.89601pt>
File: fig/fig-superficies-1.pdf Graphic file (type pdf)
<use fig/fig-superficies-1.pdf>
Package pdftex.def Info: fig/fig-superficies-1.pdf  used on input line 461.
(pdftex.def)             Requested size: 265.55629pt x 199.16928pt.
 [99 <./fig/fig-superficies-1.pdf>]
Underfull \hbox (badness 10000) in paragraph at lines 475--477

 []

<fig/fig-superficies-2.pdf, id=3792, 462.52798pt x 346.89601pt>
File: fig/fig-superficies-2.pdf Graphic file (type pdf)
<use fig/fig-superficies-2.pdf>
Package pdftex.def Info: fig/fig-superficies-2.pdf  used on input line 489.
(pdftex.def)             Requested size: 265.55629pt x 199.16928pt.

Underfull \hbox (badness 10000) in paragraph at lines 494--495

 []


Underfull \hbox (badness 10000) in paragraph at lines 496--497

 []

<fig/fig-superficies-3.pdf, id=3796, 462.52798pt x 346.89601pt>
File: fig/fig-superficies-3.pdf Graphic file (type pdf)
<use fig/fig-superficies-3.pdf>
Package pdftex.def Info: fig/fig-superficies-3.pdf  used on input line 500.
(pdftex.def)             Requested size: 265.55629pt x 199.16928pt.
[100 <./fig/fig-superficies-2.pdf>] [101 <./fig/fig-superficies-3.pdf>]
Underfull \hbox (badness 10000) in paragraph at lines 545--546

 []

[102] [103]
<fig/fig-delta.pdf, id=3980, 575.14874pt x 303.1325pt>
File: fig/fig-delta.pdf Graphic file (type pdf)
<use fig/fig-delta.pdf>
Package pdftex.def Info: fig/fig-delta.pdf  used on input line 672.
(pdftex.def)             Requested size: 215.94353pt x 113.81102pt.
 [104 <./fig/fig-delta.pdf>]
Underfull \hbox (badness 10000) in paragraph at lines 696--698

 []

<fig/fig-conos1.pdf, id=3999, 787.94376pt x 591.20876pt>
File: fig/fig-conos1.pdf Graphic file (type pdf)
<use fig/fig-conos1.pdf>
Package pdftex.def Info: fig/fig-conos1.pdf  used on input line 705.
(pdftex.def)             Requested size: 227.52397pt x 170.71652pt.
[105 <./fig/fig-conos1.pdf>]
<fig/fig-conos2.pdf, id=4017, 808.01875pt x 570.13pt>
File: fig/fig-conos2.pdf Graphic file (type pdf)
<use fig/fig-conos2.pdf>
Package pdftex.def Info: fig/fig-conos2.pdf  used on input line 756.
(pdftex.def)             Requested size: 241.93898pt x 170.71652pt.

Underfull \hbox (badness 10000) in paragraph at lines 753--759

 []

[106]
Underfull \hbox (badness 10000) in paragraph at lines 787--788

 []

<fig/fig-omega-ecuatorial.pdf, id=4032, 505.89pt x 361.35pt>
File: fig/fig-omega-ecuatorial.pdf Graphic file (type pdf)
<use fig/fig-omega-ecuatorial.pdf>
Package pdftex.def Info: fig/fig-omega-ecuatorial.pdf  used on input line 791.
(pdftex.def)             Requested size: 278.83473pt x 199.16928pt.
[107 <./fig/fig-conos2.pdf>] [108 <./fig/fig-omega-ecuatorial.pdf>] [109]
Underfull \hbox (badness 10000) in paragraph at lines 913--914

 []

<fig/fig-rf-versus-a.pdf, id=4141, 578.16pt x 433.62pt>
File: fig/fig-rf-versus-a.pdf Graphic file (type pdf)
<use fig/fig-rf-versus-a.pdf>
Package pdftex.def Info: fig/fig-rf-versus-a.pdf  used on input line 927.
(pdftex.def)             Requested size: 303.49443pt x 227.62204pt.
<fig/fig-Ecirc.pdf, id=4142, 578.16pt x 433.62pt>
File: fig/fig-Ecirc.pdf Graphic file (type pdf)
<use fig/fig-Ecirc.pdf>
Package pdftex.def Info: fig/fig-Ecirc.pdf  used on input line 935.
(pdftex.def)             Requested size: 303.49443pt x 227.62204pt.
[110 <./fig/fig-rf-versus-a.pdf>] [111 <./fig/fig-Ecirc.pdf>]
Underfull \hbox (badness 10000) in paragraph at lines 980--981

 []

<fig/fig-rle-versus-a.pdf, id=4248, 578.16pt x 433.62pt>
File: fig/fig-rle-versus-a.pdf Graphic file (type pdf)
<use fig/fig-rle-versus-a.pdf>
Package pdftex.def Info: fig/fig-rle-versus-a.pdf  used on input line 984.
(pdftex.def)             Requested size: 303.49443pt x 227.62204pt.
<fig/fig-Ele-versus-a.pdf, id=4249, 578.16pt x 433.62pt>
File: fig/fig-Ele-versus-a.pdf Graphic file (type pdf)
<use fig/fig-Ele-versus-a.pdf>
Package pdftex.def Info: fig/fig-Ele-versus-a.pdf  used on input line 992.
(pdftex.def)             Requested size: 303.49443pt x 227.62204pt.
[112 <./fig/fig-rle-versus-a.pdf>] [113 <./fig/fig-Ele-versus-a.pdf>] [114]
Underfull \hbox (badness 10000) in paragraph at lines 1118--1119

 []

[115]
Underfull \hbox (badness 10000) in paragraph at lines 1176--1177

 []

[116]) (./cap-Campos-Debiles-y-ondas.tex [117]
Cap\'{\i }tulo 6.

LaTeX Warning: Command \guillemotleft invalid in math mode on input line 19.

[118

] [119] [120] [121]
Package marginnote Info: Margin note 130.1 is on absolute page 130 on input line 199.
Package marginnote Info: right page because not two side mode on input line 199.
Package marginnote Info: xpos seems to be 151.88162pt on input line 199.
Package marginnote Info: Margin note 130.2 is on absolute page 130 on input line 223.
Package marginnote Info: right page because not two side mode on input line 223.
Package marginnote Info: xpos seems to be 241.9766pt on input line 223.
 [122]
Package marginnote Info: Margin note 131.1 is on absolute page 131 on input line 258.
Package marginnote Info: right page because not two side mode on input line 258.
Package marginnote Info: xpos seems to be 179.09146pt on input line 258.
 [123] [124] [125]
Package marginnote Info: Margin note 134.1 is on absolute page 134 on input line 406.
Package marginnote Info: right page because not two side mode on input line 406.
Package marginnote Info: xpos seems to be 67.09334pt on input line 406.
 [126] [127] [128]
<fig/fig-onda-grav-mas.pdf, id=4608, 769.87625pt x 119.44624pt>
File: fig/fig-onda-grav-mas.pdf Graphic file (type pdf)
<use fig/fig-onda-grav-mas.pdf>
Package pdftex.def Info: fig/fig-onda-grav-mas.pdf  used on input line 500.
(pdftex.def)             Requested size: 385.11339pt x 59.75095pt.
<fig/fig-onda-grav-cruz.pdf, id=4609, 771.88374pt x 119.44624pt>
File: fig/fig-onda-grav-cruz.pdf Graphic file (type pdf)
<use fig/fig-onda-grav-cruz.pdf>
Package pdftex.def Info: fig/fig-onda-grav-cruz.pdf  used on input line 501.
(pdftex.def)             Requested size: 386.11758pt x 59.75095pt.
<fig/fig-onda-grav-circular.pdf, id=4610, 727.71875pt x 119.44624pt>
File: fig/fig-onda-grav-circular.pdf Graphic file (type pdf)
<use fig/fig-onda-grav-circular.pdf>
Package pdftex.def Info: fig/fig-onda-grav-circular.pdf  used on input line 502.
(pdftex.def)             Requested size: 364.02504pt x 59.75095pt.
 [129 <./fig/fig-onda-grav-mas.pdf> <./fig/fig-onda-grav-cruz.pdf> <./fig/fig-onda-grav-circular.pdf>]
<fig/fig-LIGO.pdf, id=4629, 719.68875pt x 449.68pt>
File: fig/fig-LIGO.pdf Graphic file (type pdf)
<use fig/fig-LIGO.pdf>
Package pdftex.def Info: fig/fig-LIGO.pdf  used on input line 529.
(pdftex.def)             Requested size: 227.68051pt x 142.26378pt.
 [130 <./fig/fig-LIGO.pdf>]
Overfull \hbox (27.87885pt too wide) in paragraph at lines 585--586
\OT1/cmss/m/n/10.95 de ma-sa del sis-te-ma. Si mo-de-la-mos las po-si-cio-nes de am-bas ma-sas por $[] \OT1/cmr/m/n/10.95 = \OMS/cmsy/m/n/10.95 ^^F\OT1/cmr/m/n/10.95 (\OML/cmm/m/it/10.95 R []\OT1/cmr/m/n/10.95 (\OML/cmm/m/it/10.95 !t\OT1/cmr/m/n/10.95 )\OML/cmm/m/it/10.95 ; R []\OT1/cmr/m/n/10.95 (\OML/cmm/m/it/10.95 !t\OT1/cmr/m/n/10.95 )\OML/cmm/m/it/10.95 ; \OT1/cmr/m/n/10.95 0)$\OT1/cmss/m/n/10.95 ,
 []

[131]
Overfull \hbox (22.15158pt too wide) in alignment at lines 595--609
 [][][] []
 []

) (./cap-Campos-Debiles-y-ondas-2.tex [132]
Overfull \hbox (8.42233pt too wide) detected at line 36
[]
 []

[133] [134] [135] [136] [137] [138] [139] [140] [141] [142] [143]
Package marginnote Info: Margin note 152.1 is on absolute page 152 on input line 479.
Package marginnote Info: right page because not two side mode on input line 479.
Package marginnote Info: xpos seems to be 211.32484pt on input line 479.
<fig/fig-HT.pdf, id=4912, 485.74565pt x 555.81204pt>
File: fig/fig-HT.pdf Graphic file (type pdf)
<use fig/fig-HT.pdf>
Package pdftex.def Info: fig/fig-HT.pdf  used on input line 504.
(pdftex.def)             Requested size: 174.0604pt x 199.16928pt.
 [144]) (./cap-Cosmologia.tex [145 <./fig/fig-HT.pdf>]
Cap\'{\i }tulo 7.
[146

]
Overfull \hbox (0.84384pt too wide) in paragraph at lines 63--64
[]\OT1/cmss/m/n/10.95 Propuesta 1922 por [][]Ale-xan-der Fried-man[][] la m^^Setri-ca de Friedman-Lema^^^Ptre-Robertson-Walker
 []

[147]
Package marginnote Info: Margin note 156.1 is on absolute page 156 on input line 95.
Package marginnote Info: right page because not two side mode on input line 95.
Package marginnote Info: xpos seems to be 142.97397pt on input line 95.
 [148] [149]
Package marginnote Info: Margin note 158.1 is on absolute page 158 on input line 221.
Package marginnote Info: right page because not two side mode on input line 221.
Package marginnote Info: xpos seems to be 234.4402pt on input line 221.
 [150]

LaTeX Warning: Citation `Hubble1' on page 151 undefined on input line 253.


LaTeX Warning: Citation `Hubble2' on page 151 undefined on input line 253.

<fig/ajuste.pdf, id=5033, 578.16pt x 433.62pt>
File: fig/ajuste.pdf Graphic file (type pdf)
<use fig/ajuste.pdf>
Package pdftex.def Info: fig/ajuste.pdf  used on input line 256.
(pdftex.def)             Requested size: 300.54515pt x 225.4043pt.

LaTeX Warning: Citation `Hubble1' on page 151 undefined on input line 257.


LaTeX Warning: Citation `Hubble1' on page 151 undefined on input line 257.


Underfull \hbox (badness 10000) in paragraph at lines 248--261

 []


Underfull \hbox (badness 10000) in paragraph at lines 267--271

 []

<fig/paralaje3.pdf, id=5034, 421.28488pt x 92.92043pt>
File: fig/paralaje3.pdf Graphic file (type pdf)
<use fig/paralaje3.pdf>
Package pdftex.def Info: fig/paralaje3.pdf  used on input line 277.
(pdftex.def)             Requested size: 343.48299pt x 75.75995pt.

LaTeX Warning: `h' float specifier changed to `ht'.

[151] [152 <./fig/ajuste.pdf> <./fig/paralaje3.pdf

pdfTeX warning: pdflatex (file ./fig/paralaje3.pdf): PDF inclusion: multiple pdfs with page group included in a single page
>]
Underfull \hbox (badness 10000) in paragraph at lines 295--300

 []


LaTeX Warning: Citation `Hubble2' on page 153 undefined on input line 318.


Underfull \hbox (badness 10000) in paragraph at lines 307--320

 []

[153]

LaTeX Warning: Citation `ceph2' on page 154 undefined on input line 349.

<fig/cepheid.png, id=5115, 486.81876pt x 124.465pt>
File: fig/cepheid.png Graphic file (type png)
<use fig/cepheid.png>
Package pdftex.def Info: fig/cepheid.png  used on input line 357.
(pdftex.def)             Requested size: 343.48299pt x 87.8181pt.

LaTeX Warning: Citation `ceph' on page 154 undefined on input line 358.


Underfull \hbox (badness 10000) in paragraph at lines 335--361

 []


LaTeX Warning: `!h' float specifier changed to `!ht'.

[154]
Underfull \hbox (badness 10000) in paragraph at lines 367--373

 []

[155 <./fig/cepheid.png>]
Underfull \hbox (badness 10000) in paragraph at lines 417--420

 []

[156]
<fig/dangular.pdf, id=5163, 299.54604pt x 294.05351pt>
File: fig/dangular.pdf Graphic file (type pdf)
<use fig/dangular.pdf>
Package pdftex.def Info: fig/dangular.pdf  used on input line 466.
(pdftex.def)             Requested size: 128.80693pt x 126.44951pt.
Package marginnote Info: Margin note 165.1 is on absolute page 166 on input line 473.
Package marginnote Info: right page because not two side mode on input line 473.
Package marginnote Info: xpos seems to be 240.1281pt on input line 473.
 [157 <./fig/dangular.pdf>] [158]

LaTeX Warning: Citation `friedmann' on page 159 undefined on input line 586.

[159]
<fig/ex.pdf, id=5218, 298.93604pt x 219.39207pt>
File: fig/ex.pdf Graphic file (type pdf)
<use fig/ex.pdf>
Package pdftex.def Info: fig/ex.pdf  used on input line 617.
(pdftex.def)             Requested size: 236.14496pt x 173.31448pt.
 [160 <./fig/ex.pdf>]
Underfull \hbox (badness 10000) in paragraph at lines 653--657

 []

[161] [162]
Underfull \hbox (badness 10000) in paragraph at lines 750--757

 []

<fig/m-M-versus-z-con-error.pdf, id=5283, 433.62pt x 289.08pt>
File: fig/m-M-versus-z-con-error.pdf Graphic file (type pdf)
<use fig/m-M-versus-z-con-error.pdf>
Package pdftex.def Info: fig/m-M-versus-z-con-error.pdf  used on input line 773.
(pdftex.def)             Requested size: 206.08716pt x 137.39381pt.
<fig/m-M_vs_z_semilog.pdf, id=5284, 433.62pt x 289.08pt>
File: fig/m-M_vs_z_semilog.pdf Graphic file (type pdf)
<use fig/m-M_vs_z_semilog.pdf>
Package pdftex.def Info: fig/m-M_vs_z_semilog.pdf  used on input line 774.
(pdftex.def)             Requested size: 206.08716pt x 137.39381pt.

LaTeX Warning: `!h' float specifier changed to `!ht'.

<fig/datos-y-ajusteq0.pdf, id=5288, 578.16pt x 433.62pt>
File: fig/datos-y-ajusteq0.pdf Graphic file (type pdf)
<use fig/datos-y-ajusteq0.pdf>
Package pdftex.def Info: fig/datos-y-ajusteq0.pdf  used on input line 790.
(pdftex.def)             Requested size: 300.54515pt x 225.4043pt.
<fig/residuosnorq0.pdf, id=5292, 433.62pt x 289.08pt>
File: fig/residuosnorq0.pdf Graphic file (type pdf)
<use fig/residuosnorq0.pdf>
Package pdftex.def Info: fig/residuosnorq0.pdf  used on input line 801.
(pdftex.def)             Requested size: 206.08716pt x 137.39381pt.
<fig/gaussq0.pdf, id=5293, 433.62pt x 289.08pt>
File: fig/gaussq0.pdf Graphic file (type pdf)
<use fig/gaussq0.pdf>
Package pdftex.def Info: fig/gaussq0.pdf  used on input line 802.
(pdftex.def)             Requested size: 206.08716pt x 137.39381pt.

Underfull \hbox (badness 10000) in paragraph at lines 783--810

 []

[163] [164 <./fig/m-M-versus-z-con-error.pdf> <./fig/m-M_vs_z_semilog.pdf

pdfTeX warning: pdflatex (file ./fig/m-M_vs_z_semilog.pdf): PDF inclusion: multiple pdfs with page group included in a single page
> <./fig/datos-y-ajusteq0.pdf

pdfTeX warning: pdflatex (file ./fig/datos-y-ajusteq0.pdf): PDF inclusion: multiple pdfs with page group included in a single page
>]
<fig/datos-y-ajustek-1.pdf, id=11214, 433.62pt x 289.08pt>
File: fig/datos-y-ajustek-1.pdf Graphic file (type pdf)
<use fig/datos-y-ajustek-1.pdf>
Package pdftex.def Info: fig/datos-y-ajustek-1.pdf  used on input line 823.
(pdftex.def)             Requested size: 210.38487pt x 140.25656pt.
<fig/datos-y-ajustek1.pdf, id=11215, 433.62pt x 289.08pt>
File: fig/datos-y-ajustek1.pdf Graphic file (type pdf)
<use fig/datos-y-ajustek1.pdf>
Package pdftex.def Info: fig/datos-y-ajustek1.pdf  used on input line 824.
(pdftex.def)             Requested size: 210.38487pt x 140.25656pt.
<fig/datos-y-ajuste.pdf, id=11216, 433.62pt x 289.08pt>
File: fig/datos-y-ajuste.pdf Graphic file (type pdf)
<use fig/datos-y-ajuste.pdf>
Package pdftex.def Info: fig/datos-y-ajuste.pdf  used on input line 825.
(pdftex.def)             Requested size: 257.61388pt x 171.7511pt.
<fig/residuosnork-1.pdf, id=11217, 433.62pt x 289.08pt>
File: fig/residuosnork-1.pdf Graphic file (type pdf)
<use fig/residuosnork-1.pdf>
Package pdftex.def Info: fig/residuosnork-1.pdf  used on input line 832.
(pdftex.def)             Requested size: 210.38487pt x 140.25656pt.
<fig/residuosnork1.pdf, id=11218, 433.62pt x 289.08pt>
File: fig/residuosnork1.pdf Graphic file (type pdf)
<use fig/residuosnork1.pdf>
Package pdftex.def Info: fig/residuosnork1.pdf  used on input line 833.
(pdftex.def)             Requested size: 210.38487pt x 140.25656pt.
<fig/residuosnor.pdf, id=11219, 433.62pt x 289.08pt>
File: fig/residuosnor.pdf Graphic file (type pdf)
<use fig/residuosnor.pdf>
Package pdftex.def Info: fig/residuosnor.pdf  used on input line 834.
(pdftex.def)             Requested size: 236.14496pt x 157.43298pt.
<fig/gaussk-1.pdf, id=11220, 433.62pt x 289.08pt>
File: fig/gaussk-1.pdf Graphic file (type pdf)
<use fig/gaussk-1.pdf>
Package pdftex.def Info: fig/gaussk-1.pdf  used on input line 835.
(pdftex.def)             Requested size: 210.38487pt x 140.25656pt.
<fig/gaussk1.pdf, id=11221, 433.62pt x 289.08pt>
File: fig/gaussk1.pdf Graphic file (type pdf)
<use fig/gaussk1.pdf>
Package pdftex.def Info: fig/gaussk1.pdf  used on input line 836.
(pdftex.def)             Requested size: 210.38487pt x 140.25656pt.
<fig/gaussk0.pdf, id=11222, 433.62pt x 289.08pt>
File: fig/gaussk0.pdf Graphic file (type pdf)
<use fig/gaussk0.pdf>
Package pdftex.def Info: fig/gaussk0.pdf  used on input line 837.
(pdftex.def)             Requested size: 236.14496pt x 157.43298pt.


LaTeX Warning: Float too large for page by 13.4548pt on input line 840.


Underfull \hbox (badness 10000) in paragraph at lines 820--845

 []


LaTeX Warning: `!h' float specifier changed to `!ht'.


LaTeX Warning: `!h' float specifier changed to `!ht'.


Underfull \hbox (badness 10000) in paragraph at lines 851--857

 []

[165 <./fig/residuosnorq0.pdf> <./fig/gaussq0.pdf

pdfTeX warning: pdflatex (file ./fig/gaussq0.pdf): PDF inclusion: multiple pdfs with page group included in a single page
>] [166 <./fig/datos-y-ajustek-1.pdf> <./fig/datos-y-ajustek1.pdf

pdfTeX warning: pdflatex (file ./fig/datos-y-ajustek1.pdf): PDF inclusion: multiple pdfs with page group included in a single page
> <./fig/datos-y-ajuste.pdf

pdfTeX warning: pdflatex (file ./fig/datos-y-ajuste.pdf): PDF inclusion: multiple pdfs with page group included in a single page
>]
Underfull \hbox (badness 10000) in paragraph at lines 872--875

 []

<fig/parametros_de_prueba.pdf, id=13211, 433.62pt x 289.08pt>
File: fig/parametros_de_prueba.pdf Graphic file (type pdf)
<use fig/parametros_de_prueba.pdf>
Package pdftex.def Info: fig/parametros_de_prueba.pdf  used on input line 882.
(pdftex.def)             Requested size: 210.38487pt x 140.25656pt.
<fig/zoom.pdf, id=13212, 433.62pt x 289.08pt>
File: fig/zoom.pdf Graphic file (type pdf)
<use fig/zoom.pdf>
Package pdftex.def Info: fig/zoom.pdf  used on input line 883.
(pdftex.def)             Requested size: 210.38487pt x 140.25656pt.
<fig/resparametros1.pdf, id=13213, 433.62pt x 289.08pt>
File: fig/resparametros1.pdf Graphic file (type pdf)
<use fig/resparametros1.pdf>
Package pdftex.def Info: fig/resparametros1.pdf  used on input line 895.
(pdftex.def)             Requested size: 210.38487pt x 140.25656pt.
<fig/resparametros3.pdf, id=13214, 433.62pt x 289.08pt>
File: fig/resparametros3.pdf Graphic file (type pdf)
<use fig/resparametros3.pdf>
Package pdftex.def Info: fig/resparametros3.pdf  used on input line 896.
(pdftex.def)             Requested size: 210.38487pt x 140.25656pt.
<fig/datos-y-ajustelambda0.pdf, id=13216, 433.62pt x 289.08pt>
File: fig/datos-y-ajustelambda0.pdf Graphic file (type pdf)
<use fig/datos-y-ajustelambda0.pdf>
Package pdftex.def Info: fig/datos-y-ajustelambda0.pdf  used on input line 903.
(pdftex.def)             Requested size: 300.54515pt x 200.37407pt.

LaTeX Warning: `!h' float specifier changed to `!ht'.


LaTeX Warning: `!h' float specifier changed to `!ht'.


LaTeX Warning: `!h' float specifier changed to `!ht'.

<fig/contornoq0.pdf, id=13217, 433.62pt x 289.08pt>
File: fig/contornoq0.pdf Graphic file (type pdf)
<use fig/contornoq0.pdf>
Package pdftex.def Info: fig/contornoq0.pdf  used on input line 931.
(pdftex.def)             Requested size: 279.07623pt x 186.06038pt.
<fig/contornok-1.pdf, id=13218, 433.62pt x 289.08pt>
File: fig/contornok-1.pdf Graphic file (type pdf)
<use fig/contornok-1.pdf>
Package pdftex.def Info: fig/contornok-1.pdf  used on input line 932.
(pdftex.def)             Requested size: 279.07623pt x 186.06038pt.
<fig/contornok0.pdf, id=13219, 433.62pt x 289.08pt>
File: fig/contornok0.pdf Graphic file (type pdf)
<use fig/contornok0.pdf>
Package pdftex.def Info: fig/contornok0.pdf  used on input line 933.
(pdftex.def)             Requested size: 279.07623pt x 186.06038pt.
<fig/contornok1.pdf, id=13220, 433.62pt x 289.08pt>
File: fig/contornok1.pdf Graphic file (type pdf)
<use fig/contornok1.pdf>
Package pdftex.def Info: fig/contornok1.pdf  used on input line 934.
(pdftex.def)             Requested size: 279.07623pt x 186.06038pt.

LaTeX Warning: Float too large for page by 187.38808pt on input line 938.


LaTeX Warning: `h' float specifier changed to `ht'.

[167]
<fig/densidadq0.pdf, id=13229, 433.62pt x 289.08pt>
File: fig/densidadq0.pdf Graphic file (type pdf)
<use fig/densidadq0.pdf>
Package pdftex.def Info: fig/densidadq0.pdf  used on input line 948.
(pdftex.def)             Requested size: 257.61388pt x 171.7511pt.


LaTeX Warning: `!h' float specifier changed to `!ht'.


Underfull \hbox (badness 10000) in paragraph at lines 969--971

 []


Underfull \hbox (badness 10000) in paragraph at lines 969--971

 []


Underfull \hbox (badness 10000) in paragraph at lines 969--971

 []

) (./cap-Gravitomagnetismo.tex [168] [169 <./fig/residuosnork-1.pdf> <./fig/residuosnork1.pdf

pdfTeX warning: pdflatex (file ./fig/residuosnork1.pdf): PDF inclusion: multiple pdfs with page group included in a single page
> <./fig/residuosnor.pdf

pdfTeX warning: pdflatex (file ./fig/residuosnor.pdf): PDF inclusion: multiple pdfs with page group included in a single page
> <./fig/gaussk-1.pdf

pdfTeX warning: pdflatex (file ./fig/gaussk-1.pdf): PDF inclusion: multiple pdfs with page group included in a single page
> <./fig/gaussk1.pdf

pdfTeX warning: pdflatex (file ./fig/gaussk1.pdf): PDF inclusion: multiple pdfs with page group included in a single page
> <./fig/gaussk0.pdf

pdfTeX warning: pdflatex (file ./fig/gaussk0.pdf): PDF inclusion: multiple pdfs with page group included in a single page
>] [170 <./fig/parametros_de_prueba.pdf> <./fig/zoom.pdf

pdfTeX warning: pdflatex (file ./fig/zoom.pdf): PDF inclusion: multiple pdfs with page group included in a single page
> <./fig/resparametros1.pdf

pdfTeX warning: pdflatex (file ./fig/resparametros1.pdf): PDF inclusion: multiple pdfs with page group included in a single page
> <./fig/resparametros3.pdf

pdfTeX warning: pdflatex (file ./fig/resparametros3.pdf): PDF inclusion: multiple pdfs with page group included in a single page
> <./fig/datos-y-ajustelambda0.pdf

pdfTeX warning: pdflatex (file ./fig/datos-y-ajustelambda0.pdf): PDF inclusion: multiple pdfs with page group included in a single page
>] [171 <./fig/contornoq0.pdf> <./fig/contornok-1.pdf

pdfTeX warning: pdflatex (file ./fig/contornok-1.pdf): PDF inclusion: multiple pdfs with page group included in a single page
> <./fig/contornok0.pdf

pdfTeX warning: pdflatex (file ./fig/contornok0.pdf): PDF inclusion: multiple pdfs with page group included in a single page
> <./fig/contornok1.pdf

pdfTeX warning: pdflatex (file ./fig/contornok1.pdf): PDF inclusion: multiple pdfs with page group included in a single page
>] [172 <./fig/densidadq0.pdf>]
Cap\'{\i }tulo 8.
[173

]
Package marginnote Info: Margin note 182.1 is on absolute page 182 on input line 51.
Package marginnote Info: right page because not two side mode on input line 51.
Package marginnote Info: xpos seems to be 115.05148pt on input line 51.
 [174] [175] [176] [177] [178] [179]
<fig/fig-fuente.pdf, id=16959, 518.93875pt x 503.8825pt>
File: fig/fig-fuente.pdf Graphic file (type pdf)
<use fig/fig-fuente.pdf>
Package pdftex.def Info: fig/fig-fuente.pdf  used on input line 270.
(pdftex.def)             Requested size: 518.93748pt x 503.88127pt.
 [180 <./fig/fig-fuente.pdf>] [181]
<fig/fig-gravitoelectromagnetico.pdf, id=17000, 491.38112pt x 449.00249pt>
File: fig/fig-gravitoelectromagnetico.pdf Graphic file (type pdf)
<use fig/fig-gravitoelectromagnetico.pdf>
Package pdftex.def Info: fig/fig-gravitoelectromagnetico.pdf  used on input line 354.
(pdftex.def)             Requested size: 491.37991pt x 449.00139pt.
 [182] [183 <./fig/fig-gravitoelectromagnetico.pdf>] [184]
<fig/fig-giroscopo.pdf, id=17046, 571.13374pt x 581.17125pt>
File: fig/fig-giroscopo.pdf Graphic file (type pdf)
<use fig/fig-giroscopo.pdf>
Package pdftex.def Info: fig/fig-giroscopo.pdf  used on input line 455.
(pdftex.def)             Requested size: 571.13235pt x 581.16983pt.
 [185 <./fig/fig-giroscopo.pdf>] [186]
<fig/fig-GPB.pdf, id=17080, 696.6025pt x 555.07375pt>
File: fig/fig-GPB.pdf Graphic file (type pdf)
<use fig/fig-GPB.pdf>
Package pdftex.def Info: fig/fig-GPB.pdf  used on input line 502.
(pdftex.def)             Requested size: 696.6008pt x 555.07237pt.
 [187 <./fig/fig-GPB.pdf>] [188] [189]
<fig/fig-orbitaGPB.pdf, id=17151, 279.0425pt x 277.035pt>
File: fig/fig-orbitaGPB.pdf Graphic file (type pdf)
<use fig/fig-orbitaGPB.pdf>
Package pdftex.def Info: fig/fig-orbitaGPB.pdf  used on input line 639.
(pdftex.def)             Requested size: 279.04181pt x 277.03432pt.
 [190 <./fig/fig-orbitaGPB.pdf>]
<fig/fig-precesion.pdf, id=17169, 361.35pt x 234.8775pt>
File: fig/fig-precesion.pdf Graphic file (type pdf)
<use fig/fig-precesion.pdf>
Package pdftex.def Info: fig/fig-precesion.pdf  used on input line 669.
(pdftex.def)             Requested size: 361.34912pt x 234.87692pt.
) (./cap-Estabilidad-Estelar-Newtoniano.tex [191 <./fig/fig-precesion.pdf>]
Cap\'{\i }tulo 9.
Package marginnote Info: Margin note 200.1 is on absolute page 200 on input line 29.
Package marginnote Info: right page because not two side mode on input line 29.
Package marginnote Info: xpos seems to be 211.81195pt on input line 29.
Package marginnote Info: Margin note 200.2 is on absolute page 201 on input line 33.
Package marginnote Info: right page because not two side mode on input line 33.
Package marginnote Info: xpos seems to be 221.09244pt on input line 33.
[192

]
Package marginnote Info: Margin note 201.1 is on absolute page 201 on input line 42.
Package marginnote Info: right page because not two side mode on input line 42.
Package marginnote Info: xpos seems to be 211.22546pt on input line 42.
Package marginnote Info: Margin note 201.2 is on absolute page 201 on input line 52.
Package marginnote Info: right page because not two side mode on input line 52.
Package marginnote Info: xpos seems to be 243.72087pt on input line 52.
Package marginnote Info: Margin note 201.3 is on absolute page 202 on input line 68.
Package marginnote Info: right page because not two side mode on input line 68.
Package marginnote Info: xpos seems to be 154.9283pt on input line 68.
Package marginnote Info: Margin note 201.4 is on absolute page 202 on input line 70.
Package marginnote Info: right page because not two side mode on input line 70.
Package marginnote Info: xpos seems to be 230.3767pt on input line 70.
 [193]
Package marginnote Info: Margin note 202.1 is on absolute page 202 on input line 100.
Package marginnote Info: right page because not two side mode on input line 100.
Package marginnote Info: xpos seems to be 56.9055pt on input line 100.
 [194]
Underfull \hbox (badness 1735) in paragraph at lines 116--116
[]\OT1/cmr/m/n/9 Soluci^^Son pa-ra
 []

Package marginnote Info: Margin note 203.1 is on absolute page 203 on input line 129.
Package marginnote Info: right page because not two side mode on input line 129.
Package marginnote Info: xpos seems to be 445.99971pt on input line 129.
Package marginnote Info: Margin note 203.2 is on absolute page 203 on input line 132.
Package marginnote Info: right page because not two side mode on input line 132.
Package marginnote Info: xpos seems to be 88.45618pt on input line 132.
Package marginnote Info: Margin note 203.3 is on absolute page 204 on input line 151.
Package marginnote Info: right page because not two side mode on input line 151.
Package marginnote Info: xpos seems to be 256.16539pt on input line 151.
[195] [196]
Package marginnote Info: Margin note 205.1 is on absolute page 205 on input line 204.
Package marginnote Info: right page because not two side mode on input line 204.
Package marginnote Info: xpos seems to be 200.68274pt on input line 204.
 [197]
Package marginnote Info: Margin note 206.1 is on absolute page 206 on input line 238.
Package marginnote Info: right page because not two side mode on input line 238.
Package marginnote Info: xpos seems to be 195.3326pt on input line 238.
 [198]
Package marginnote Info: Margin note 207.1 is on absolute page 207 on input line 267.
Package marginnote Info: right page because not two side mode on input line 267.
Package marginnote Info: xpos seems to be 165.54532pt on input line 267.
 [199] [200] [201] [202] [203] [204] [205]
<fig/fig-Lane-Emden.pdf, id=17486, 578.16pt x 433.62pt>
File: fig/fig-Lane-Emden.pdf Graphic file (type pdf)
<use fig/fig-Lane-Emden.pdf>
Package pdftex.def Info: fig/fig-Lane-Emden.pdf  used on input line 533.
(pdftex.def)             Requested size: 578.15858pt x 433.61894pt.
 [206 <./fig/fig-Lane-Emden.pdf>] [207] [208] [209] [210] [211] [212] [213] [214] [215] [216] [217] [218] [219] [220] [221]
<fig/fig-fermi-soluciones.pdf, id=17899, 578.16pt x 433.62pt>
File: fig/fig-fermi-soluciones.pdf Graphic file (type pdf)
<use fig/fig-fermi-soluciones.pdf>
Package pdftex.def Info: fig/fig-fermi-soluciones.pdf  used on input line 1055.
(pdftex.def)             Requested size: 578.15858pt x 433.61894pt.
 [222 <./fig/fig-fermi-soluciones.pdf>] [223] [224] [225]
<fig/fig-fermielectron-masa-radio.pdf, id=18015, 578.16pt x 433.62pt>
File: fig/fig-fermielectron-masa-radio.pdf Graphic file (type pdf)
<use fig/fig-fermielectron-masa-radio.pdf>
Package pdftex.def Info: fig/fig-fermielectron-masa-radio.pdf  used on input line 1152.
(pdftex.def)             Requested size: 578.15858pt x 433.61894pt.
 [226 <./fig/fig-fermielectron-masa-radio.pdf>]
<fig/fig-fermielectron-masa-densidad.pdf, id=18090, 578.16pt x 433.62pt>
File: fig/fig-fermielectron-masa-densidad.pdf Graphic file (type pdf)
<use fig/fig-fermielectron-masa-densidad.pdf>
Package pdftex.def Info: fig/fig-fermielectron-masa-densidad.pdf  used on input line 1164.
(pdftex.def)             Requested size: 578.15858pt x 433.61894pt.
 [227 <./fig/fig-fermielectron-masa-densidad.pdf>] [228] [229]
<fig/fig-fermineutron-masa-radio.pdf, id=18204, 578.16pt x 433.62pt>
File: fig/fig-fermineutron-masa-radio.pdf Graphic file (type pdf)
<use fig/fig-fermineutron-masa-radio.pdf>
Package pdftex.def Info: fig/fig-fermineutron-masa-radio.pdf  used on input line 1258.
(pdftex.def)             Requested size: 578.15858pt x 433.61894pt.
 [230]
<fig/fig-fermineutron-masa-densidad.pdf, id=18223, 578.16pt x 433.62pt>
File: fig/fig-fermineutron-masa-densidad.pdf Graphic file (type pdf)
<use fig/fig-fermineutron-masa-densidad.pdf>
Package pdftex.def Info: fig/fig-fermineutron-masa-densidad.pdf  used on input line 1268.
(pdftex.def)             Requested size: 578.15858pt x 433.61894pt.
 [231 <./fig/fig-fermineutron-masa-radio.pdf>]) (./cap-Estabilidad-Estelar-Relativista.tex [232 <./fig/fig-fermineutron-masa-densidad.pdf>]
Cap\'{\i }tulo 10.
Package marginnote Info: Margin note 241.1 is on absolute page 241 on input line 11.
Package marginnote Info: right page because not two side mode on input line 11.
Package marginnote Info: xpos seems to be 199.55246pt on input line 11.
[233

]
Package marginnote Info: Margin note 242.1 is on absolute page 242 on input line 39.
Package marginnote Info: right page because not two side mode on input line 39.
Package marginnote Info: xpos seems to be 98.05928pt on input line 39.
 [234] [235] [236]
Package marginnote Info: Margin note 245.1 is on absolute page 245 on input line 148.
Package marginnote Info: right page because not two side mode on input line 148.
Package marginnote Info: xpos seems to be 88.95961pt on input line 148.
 [237]
Overfull \hbox (16.13588pt too wide) in paragraph at lines 157--159
\OT1/cmss/m/n/10.95 Equivalentemente, [] pue-de en-con-trar-se con-si-de-ran-do la com-bi-na-ci^^Son $\OML/cmm/m/it/10.95 e[]R[]=\OT1/cmr/m/n/10.95 2 + \OML/cmm/m/it/10.95 e[]R[]=\OT1/cmr/m/n/10.95 2 \OMS/cmsy/m/n/10.95 ^^@
 []

[238] [239]
Package marginnote Info: right page because not two side mode on input line 225.
Package marginnote Info: xpos seems to be \@mn@currxpos  on input line 225.
Package marginnote Info: Margin note 248.2 is on absolute page 248 on input line 225.
Package marginnote Info: right page because not two side mode on input line 225.
Package marginnote Info: xpos seems to be 427.43759pt on input line 225.
 [240]
Package marginnote Info: Margin note 249.1 is on absolute page 249 on input line 259.
Package marginnote Info: right page because not two side mode on input line 259.
Package marginnote Info: xpos seems to be 234.92561pt on input line 259.
 [241] [242] [243] [244]
Underfull \hbox (badness 6078) in paragraph at lines 384--384
[]\OT1/cmr/m/n/9 Condici^^Son de
 []

Package marginnote Info: Margin note 253.1 is on absolute page 253 on input line 391.
Package marginnote Info: right page because not two side mode on input line 391.
Package marginnote Info: xpos seems to be 56.9055pt on input line 391.
[245] [246] [247]
<fig/fig-fermi-rel-t-x.pdf, id=18667, 578.16pt x 433.62pt>
File: fig/fig-fermi-rel-t-x.pdf Graphic file (type pdf)
<use fig/fig-fermi-rel-t-x.pdf>
Package pdftex.def Info: fig/fig-fermi-rel-t-x.pdf  used on input line 484.
(pdftex.def)             Requested size: 578.15858pt x 433.61894pt.

Overfull \hbox (0.52576pt too wide) in paragraph at lines 484--485
[][] 
 []

<fig/fig-fermi-rel-m-x.pdf, id=18668, 578.16pt x 433.62pt>
File: fig/fig-fermi-rel-m-x.pdf Graphic file (type pdf)
<use fig/fig-fermi-rel-m-x.pdf>
Package pdftex.def Info: fig/fig-fermi-rel-m-x.pdf  used on input line 486.
(pdftex.def)             Requested size: 578.15858pt x 433.61894pt.

Overfull \hbox (0.52576pt too wide) in paragraph at lines 486--487
[][] 
 []

<fig/fig-fermi-rel-masa-densidad.pdf, id=18671, 578.16pt x 433.62pt>
File: fig/fig-fermi-rel-masa-densidad.pdf Graphic file (type pdf)
<use fig/fig-fermi-rel-masa-densidad.pdf>
Package pdftex.def Info: fig/fig-fermi-rel-masa-densidad.pdf  used on input line 499.
(pdftex.def)             Requested size: 578.15858pt x 433.61894pt.
[248 <./fig/fig-fermi-rel-t-x.pdf> <./fig/fig-fermi-rel-m-x.pdf

pdfTeX warning: pdflatex (file ./fig/fig-fermi-rel-m-x.pdf): PDF inclusion: multiple pdfs with page group included in a single page
>]
<fig/fig-fermi-rel-masa-radio.pdf, id=18764, 578.16pt x 433.62pt>
File: fig/fig-fermi-rel-masa-radio.pdf Graphic file (type pdf)
<use fig/fig-fermi-rel-masa-radio.pdf>
Package pdftex.def Info: fig/fig-fermi-rel-masa-radio.pdf  used on input line 510.
(pdftex.def)             Requested size: 578.15858pt x 433.61894pt.

Overfull \hbox (0.52576pt too wide) in paragraph at lines 510--511
[][] 
 []

<fig/fig-fermi-rel-masa-radio-b.pdf, id=18765, 578.16pt x 433.62pt>
File: fig/fig-fermi-rel-masa-radio-b.pdf Graphic file (type pdf)
<use fig/fig-fermi-rel-masa-radio-b.pdf>
Package pdftex.def Info: fig/fig-fermi-rel-masa-radio-b.pdf  used on input line 512.
(pdftex.def)             Requested size: 578.15858pt x 433.61894pt.

Overfull \hbox (0.52576pt too wide) in paragraph at lines 512--513
[][] 
 []

[249 <./fig/fig-fermi-rel-masa-densidad.pdf> <./fig/fig-fermi-rel-masa-radio.pdf

pdfTeX warning: pdflatex (file ./fig/fig-fermi-rel-masa-radio.pdf): PDF inclusion: multiple pdfs with page group included in a single page
> <./fig/fig-fermi-rel-masa-radio-b.pdf

pdfTeX warning: pdflatex (file ./fig/fig-fermi-rel-masa-radio-b.pdf): PDF inclusion: multiple pdfs with page group included in a single page
>]) (./app-Kepler.tex
Ap\'{e}ndice A.
[250

] [251]
<fig/fig-potencial-newtoniano.pdf, id=18970, 578.16pt x 361.35pt>
File: fig/fig-potencial-newtoniano.pdf Graphic file (type pdf)
<use fig/fig-potencial-newtoniano.pdf>
Package pdftex.def Info: fig/fig-potencial-newtoniano.pdf  used on input line 127.
(pdftex.def)             Requested size: 341.43306pt x 213.39314pt.
 [252] [253 <./fig/fig-potencial-newtoniano.pdf>] [254]) (./app-termo-rel.tex [255]
Ap\'{e}ndice B.
[256

] [257] [258]
Package marginnote Info: Margin note 267.1 is on absolute page 267 on input line 113.
Package marginnote Info: right page because not two side mode on input line 113.
Package marginnote Info: xpos seems to be 220.0861pt on input line 113.
Package marginnote Info: Margin note 267.2 is on absolute page 267 on input line 125.
Package marginnote Info: right page because not two side mode on input line 125.
Package marginnote Info: xpos seems to be 132.06372pt on input line 125.
 [259] [260] [261] [262]
Overfull \hbox (50.47507pt too wide) detected at line 290
[]
 []

[263] [264] [265] [266]
Overfull \hbox (2.60689pt too wide) in paragraph at lines 397--398
\OT1/cmr/m/n/10.95 10[] [\OML/cmm/m/it/10.95 kg=m[]\OT1/cmr/m/n/10.95 ]$\OT1/cmss/m/n/10.95 .Reemplazando di-cho $\OML/cmm/m/it/10.95 x[]$ \OT1/cmss/m/n/10.95 en la ex-pan-si^^Son asint^^Soti-ca de la pre-si^^Son [],
 []

) (./app-historia-estrellas.tex [267]
Ap\'{e}ndice C.
[268

]) (./app-constantes.tex [269]
Ap\'{e}ndice D.

Overfull \hbox (7.93945pt too wide) in paragraph at lines 3--54
 [] 
 []

) (./Bibliografia.tex [270

] [271

] [272] [273] [274]) [275] (./RG.aux
LaTeX Info: Redefining \. on input line 11.
LaTeX Info: Redefining \% on input line 11.
)
 ***********
LaTeX2e <2023-11-01> patch level 1
L3 programming layer <2024-01-22>
 ***********


LaTeX Font Warning: Some font shapes were not available, defaults substituted.


LaTeX Warning: There were undefined references.

Package rerunfilecheck Info: File `RG.out' has not changed.
(rerunfilecheck)             Checksum: BBDD93B79837AF02054C5EB0CD2033AD;46276.
 ) 
Here is how much of TeX's memory you used:
 26267 strings out of 476006
 474463 string characters out of 5791059
 1955975 words of memory out of 5000000
 45514 multiletter control sequences out of 15000+600000
 577078 words of font info for 107 fonts, out of 8000000 for 9000
 107 hyphenation exceptions out of 8191
 101i,26n,107p,1758b,778s stack positions out of 10000i,1000n,20000p,200000b,200000s
</usr/share/texlive/texmf-dist/fonts/type1/public/amsfonts/cm/cmbx10.pfb></usr/share/texlive/texmf-dist/fonts/type1/public/amsfonts/cm/cmbx12.pfb></usr/share/texlive/texmf-dist/fonts/type1/public/amsfonts/cm/cmbx8.pfb></usr/share/texlive/texmf-dist/fonts/type1/public/amsfonts/cm/cmbx9.pfb></usr/share/texlive/texmf-dist/fonts/type1/public/amsfonts/cm/cmcsc10.pfb></usr/share/texlive/texmf-dist/fonts/type1/public/amsfonts/cm/cmex10.pfb></usr/share/texlive/texmf-dist/fonts/type1/public/amsfonts/cmextra/cmex9.pfb></usr/share/texlive/texmf-dist/fonts/type1/public/amsfonts/cm/cmmi10.pfb></usr/share/texlive/texmf-dist/fonts/type1/public/amsfonts/cm/cmmi12.pfb></usr/share/texlive/texmf-dist/fonts/type1/public/amsfonts/cm/cmmi5.pfb></usr/share/texlive/texmf-dist/fonts/type1/public/amsfonts/cm/cmmi6.pfb></usr/share/texlive/texmf-dist/fonts/type1/public/amsfonts/cm/cmmi8.pfb></usr/share/texlive/texmf-dist/fonts/type1/public/amsfonts/cm/cmmi9.pfb></usr/share/texlive/texmf-dist/fonts/type1/public/amsfonts/cm/cmr10.pfb></usr/share/texlive/texmf-dist/fonts/type1/public/amsfonts/cm/cmr12.pfb></usr/share/texlive/texmf-dist/fonts/type1/public/amsfonts/cm/cmr5.pfb></usr/share/texlive/texmf-dist/fonts/type1/public/amsfonts/cm/cmr6.pfb></usr/share/texlive/texmf-dist/fonts/type1/public/amsfonts/cm/cmr8.pfb></usr/share/texlive/texmf-dist/fonts/type1/public/amsfonts/cm/cmr9.pfb></usr/share/texlive/texmf-dist/fonts/type1/public/amsfonts/cm/cmss10.pfb></usr/share/texlive/texmf-dist/fonts/type1/public/amsfonts/cm/cmss8.pfb></usr/share/texlive/texmf-dist/fonts/type1/public/amsfonts/cm/cmss9.pfb></usr/share/texlive/texmf-dist/fonts/type1/public/amsfonts/cm/cmssbx10.pfb></usr/share/texlive/texmf-dist/fonts/type1/public/amsfonts/cm/cmssi10.pfb></usr/share/texlive/texmf-dist/fonts/type1/public/amsfonts/cm/cmsy10.pfb></usr/share/texlive/texmf-dist/fonts/type1/public/amsfonts/cm/cmsy5.pfb></usr/share/texlive/texmf-dist/fonts/type1/public/amsfonts/cm/cmsy6.pfb></usr/share/texlive/texmf-dist/fonts/type1/public/amsfonts/cm/cmsy8.pfb></usr/share/texlive/texmf-dist/fonts/type1/public/amsfonts/cm/cmsy9.pfb></usr/share/texlive/texmf-dist/fonts/type1/public/amsfonts/cm/cmti9.pfb></usr/share/texlive/texmf-dist/fonts/type1/public/amsfonts/cm/cmtt10.pfb></usr/share/texlive/texmf-dist/fonts/type1/public/amsfonts/cm/cmtt9.pfb></usr/share/texlive/texmf-dist/fonts/type1/public/amsfonts/latxfont/line10.pfb></usr/share/texlive/texmf-dist/fonts/type1/public/amsfonts/symbols/msam10.pfb></usr/share/texlive/texmf-dist/fonts/type1/public/amsfonts/symbols/msbm10.pfb>
Output written on RG.pdf (282 pages, 7543403 bytes).
PDF statistics:
 20058 PDF objects out of 22161 (max. 8388607)
 7292 compressed objects within 73 object streams
 2367 named destinations out of 2487 (max. 500000)
 1893 words of extra memory for PDF output out of 10000 (max. 10000000)

