\BOOKMARK [0][-]{chapter*.1}{\376\377\000P\000r\000e\000f\000a\000c\000i\000o}{}% 1
\BOOKMARK [0][-]{chapter.1}{\376\377\000M\000o\000t\000i\000v\000a\000c\000i\000o\000n\000e\000s\000\040\000p\000a\000r\000a\000\040\000R\000G\000:\000\040\000R\000e\000l\000a\000t\000i\000v\000i\000d\000a\000d\000\040\000E\000s\000p\000e\000c\000i\000a\000l\000\040\000y\000\040\000G\000r\000a\000v\000i\000t\000a\000c\000i\000\363\000n\000\040\000n\000e\000w\000t\000o\000n\000i\000a\000n\000a}{}% 2
\BOOKMARK [1][-]{section.1.1}{\376\377\000D\000i\000s\000t\000r\000i\000b\000u\000c\000i\000\363\000n\000\040\000d\000e\000\040\000e\000n\000e\000r\000g\000\355\000a\000\040\000y\000\040\000m\000o\000m\000e\000n\000t\000u\000m\000\040\000d\000e\000\040\000l\000a\000\040\000m\000a\000t\000e\000r\000i\000a\000:\000\040\000t\000e\000n\000s\000o\000r\000\040\000d\000e\000\040\000e\000n\000e\000r\000g\000\355\000a\000-\000m\000o\000m\000e\000n\000t\000u\000m}{chapter.1}% 3
\BOOKMARK [2][-]{subsection.1.1.1}{\376\377\000C\000a\000m\000p\000o\000\040\000e\000l\000e\000c\000t\000r\000o\000m\000a\000g\000n\000\351\000t\000i\000c\000o}{section.1.1}% 4
\BOOKMARK [2][-]{subsection.1.1.2}{\376\377\000F\000l\000u\000i\000d\000o\000\040\000p\000e\000r\000f\000e\000c\000t\000o}{section.1.1}% 5
\BOOKMARK [2][-]{subsection.1.1.3}{\376\377\000F\000l\000u\000i\000d\000o\000\040\000s\000i\000m\000p\000l\000e\000\040\000\050\000p\000o\000l\000v\000o\000\051}{section.1.1}% 6
\BOOKMARK [1][-]{section.1.2}{\376\377\000L\000e\000y\000\040\000d\000e\000\040\000G\000r\000a\000v\000i\000t\000a\000c\000i\000\363\000n\000\040\000u\000n\000i\000v\000e\000r\000s\000a\000l}{chapter.1}% 7
\BOOKMARK [1][-]{section.1.3}{\376\377\000M\000a\000s\000a\000\040\000i\000n\000e\000r\000c\000i\000a\000l\000\040\000y\000\040\000m\000a\000s\000a\000\040\000g\000r\000a\000v\000i\000t\000a\000c\000i\000o\000n\000a\000l}{chapter.1}% 8
\BOOKMARK [2][-]{subsection.1.3.1}{\376\377\000U\000n\000i\000v\000e\000r\000s\000a\000l\000i\000d\000a\000d\000\040\000d\000e\000\040\000l\000a\000\040\000i\000n\000t\000e\000r\000a\000c\000c\000i\000\363\000n\000\040\000g\000r\000a\000v\000i\000t\000a\000c\000i\000o\000n\000a\000l\000,\000\040\000P\000r\000i\000n\000c\000i\000p\000i\000o\000\040\000d\000e\000\040\000E\000q\000u\000i\000v\000a\000l\000e\000n\000c\000i\000a\000\040\000D\000\351\000b\000i\000l}{section.1.3}% 9
\BOOKMARK [1][-]{section.1.4}{\376\377\000F\000u\000e\000r\000z\000a\000s\000\040\000d\000e\000\040\000m\000a\000r\000e\000a}{chapter.1}% 10
\BOOKMARK [1][-]{section.1.5}{\376\377\000O\000b\000s\000e\000r\000v\000a\000d\000o\000r\000e\000s\000\040\000a\000c\000e\000l\000e\000r\000a\000d\000o\000s\000\040\000y\000\040\000g\000r\000a\000v\000e\000d\000a\000d\000:\000\040\000V\000e\000r\000s\000i\000\363\000n\000\040\000n\000o\000-\000r\000e\000l\000a\000t\000i\000v\000i\000s\000t\000a}{chapter.1}% 11
\BOOKMARK [1][-]{section.1.6}{\376\377\000P\000r\000i\000n\000c\000i\000p\000i\000o\000\040\000d\000e\000\040\000E\000q\000u\000i\000v\000a\000l\000e\000n\000c\000i\000a\000\040\000d\000e\000\040\000E\000i\000n\000s\000t\000e\000i\000n\000\040\000y\000\040\000S\000i\000s\000t\000e\000m\000a\000s\000\040\000d\000e\000\040\000R\000e\000f\000e\000r\000e\000n\000c\000i\000a\000\040\000L\000o\000c\000a\000l\000m\000e\000n\000t\000e\000\040\000i\000n\000e\000r\000c\000i\000a\000l\000e\000s}{chapter.1}% 12
\BOOKMARK [2][-]{subsection.1.6.1}{\376\377\000D\000e\000s\000v\000\355\000o\000\040\000d\000e\000\040\000l\000a\000\040\000l\000u\000z\000*}{section.1.6}% 13
\BOOKMARK [2][-]{subsection.1.6.2}{\376\377\000R\000e\000d\000s\000h\000i\000f\000t\000\040\000g\000r\000a\000v\000i\000t\000a\000c\000i\000o\000n\000a\000l\000*}{section.1.6}% 14
\BOOKMARK [1][-]{section.1.7}{\376\377\000O\000b\000s\000e\000r\000v\000a\000d\000o\000r\000e\000s\000\040\000a\000c\000e\000l\000e\000r\000a\000d\000o\000s\000\040\000y\000\040\000g\000r\000a\000v\000e\000d\000a\000d\000:\000\040\000V\000e\000r\000s\000i\000\363\000n\000\040\000r\000e\000l\000a\000t\000i\000v\000i\000s\000t\000a}{chapter.1}% 15
\BOOKMARK [0][-]{chapter.2}{\376\377\000A\000n\000\341\000l\000i\000s\000i\000s\000\040\000t\000e\000n\000s\000o\000r\000i\000a\000l\000\040\000y\000\040\000g\000e\000o\000m\000e\000t\000r\000\355\000a\000\040\000d\000i\000f\000e\000r\000e\000n\000c\000i\000a\000l}{}% 16
\BOOKMARK [1][-]{section.2.1}{\376\377\000V\000a\000r\000i\000e\000d\000a\000d\000e\000s\000\040\000d\000i\000f\000e\000r\000e\000n\000c\000i\000a\000b\000l\000e\000s}{chapter.2}% 17
\BOOKMARK [1][-]{section.2.2}{\376\377\000E\000s\000c\000a\000l\000a\000r\000e\000s\000,\000\040\000v\000e\000c\000t\000o\000r\000e\000s\000\040\000y\000\040\000t\000e\000n\000s\000o\000r\000e\000s}{chapter.2}% 18
\BOOKMARK [2][-]{subsection.2.2.1}{\376\377\000E\000s\000c\000a\000l\000a\000r\000e\000s}{section.2.2}% 19
\BOOKMARK [2][-]{subsection.2.2.2}{\376\377\000V\000e\000c\000t\000o\000r\000e\000s\000\040\000c\000o\000n\000t\000r\000a\000v\000a\000r\000i\000a\000n\000t\000e\000s}{section.2.2}% 20
\BOOKMARK [2][-]{subsection.2.2.3}{\376\377\000V\000e\000c\000t\000o\000r\000e\000s\000\040\000c\000o\000v\000a\000r\000i\000a\000n\000t\000e\000s}{section.2.2}% 21
\BOOKMARK [2][-]{subsection.2.2.4}{\376\377\000T\000e\000n\000s\000o\000r\000e\000s}{section.2.2}% 22
\BOOKMARK [1][-]{section.2.3}{\376\377\000A\000l\000g\000e\000b\000r\000a\000\040\000t\000e\000n\000s\000o\000r\000i\000a\000l\000\040\000s\000o\000b\000r\000e\000\040\000v\000a\000r\000i\000e\000d\000a\000d\000e\000s\000\040\000d\000i\000f\000e\000r\000e\000n\000c\000i\000a\000b\000l\000e\000s}{chapter.2}% 23
\BOOKMARK [2][-]{subsection.2.3.1}{\376\377\000M\000u\000l\000t\000i\000p\000l\000i\000c\000a\000c\000i\000\363\000n}{section.2.3}% 24
\BOOKMARK [2][-]{subsection.2.3.2}{\376\377\000A\000d\000i\000c\000i\000\363\000n}{section.2.3}% 25
\BOOKMARK [2][-]{subsection.2.3.3}{\376\377\000C\000o\000n\000t\000r\000a\000c\000c\000i\000\363\000n}{section.2.3}% 26
\BOOKMARK [2][-]{subsection.2.3.4}{\376\377\000P\000e\000r\000m\000u\000t\000a\000c\000i\000\363\000n\000\040\000y\000\040\000\050\000A\000n\000t\000i\000-\000\051\000S\000i\000m\000e\000t\000r\000i\000z\000a\000c\000i\000\363\000n}{section.2.3}% 27
\BOOKMARK [2][-]{subsection.2.3.5}{\376\377\000I\000n\000v\000a\000r\000i\000a\000n\000c\000i\000a\000\040\000d\000e\000\040\000l\000a\000s\000\040\000e\000c\000u\000a\000c\000i\000o\000n\000e\000s\000\040\000t\000e\000n\000s\000o\000r\000i\000a\000l\000e\000s}{section.2.3}% 28
\BOOKMARK [1][-]{section.2.4}{\376\377\000D\000e\000n\000s\000i\000d\000a\000d\000e\000s\000\040\000t\000e\000n\000s\000o\000r\000i\000a\000l\000e\000s\000*}{chapter.2}% 29
\BOOKMARK [2][-]{subsection.2.4.1}{\376\377\000D\000e\000n\000s\000i\000d\000a\000d\000e\000s\000\040\000t\000e\000n\000s\000o\000r\000i\000a\000l\000e\000s\000\040\000d\000e\000\040\000L\000e\000v\000i\000-\000C\000i\000v\000i\000t\000a\000*}{section.2.4}% 30
\BOOKMARK [1][-]{section.2.5}{\376\377\000T\000e\000n\000s\000o\000r\000e\000s\000\040\000a\000n\000t\000i\000s\000i\000m\000\351\000t\000r\000i\000c\000o\000s\000\040\000y\000\040\000d\000e\000n\000s\000i\000d\000a\000d\000e\000s\000\040\000t\000e\000n\000s\000o\000r\000i\000a\000l\000e\000s\000\040\000d\000u\000a\000l\000e\000s\000*}{chapter.2}% 31
\BOOKMARK [1][-]{section.2.6}{\376\377\000M\000\351\000t\000r\000i\000c\000a}{chapter.2}% 32
\BOOKMARK [2][-]{subsection.2.6.1}{\376\377\000L\000o\000n\000g\000i\000t\000u\000d\000,\000\040\000p\000r\000o\000d\000u\000c\000t\000o\000\040\000i\000n\000t\000e\000r\000i\000o\000r\000,\000\040\000\341\000n\000g\000u\000l\000o\000s}{section.2.6}% 33
\BOOKMARK [2][-]{subsection.2.6.2}{\376\377\000M\000\351\000t\000r\000i\000c\000a\000\040\000I\000n\000v\000e\000r\000s\000a}{section.2.6}% 34
\BOOKMARK [2][-]{subsection.2.6.3}{\376\377\000M\000\351\000t\000r\000i\000c\000a\000\040\000i\000n\000d\000u\000c\000i\000d\000a}{section.2.6}% 35
\BOOKMARK [2][-]{subsection.2.6.4}{\376\377\000C\000u\000r\000v\000a\000s\000\040\000g\000e\000o\000d\000\351\000s\000i\000c\000a\000s}{section.2.6}% 36
\BOOKMARK [2][-]{subsection.2.6.5}{\376\377\000I\000s\000o\000m\000e\000t\000r\000\355\000a\000s\000\040\000\050\000s\000i\000m\000e\000t\000r\000\355\000a\000s\000\040\000d\000e\000\040\000l\000a\000\040\000m\000\351\000t\000r\000i\000c\000a\000\051}{section.2.6}% 37
\BOOKMARK [2][-]{subsection.2.6.6}{\376\377\000C\000o\000o\000d\000e\000n\000a\000d\000a\000s\000\040\000a\000d\000a\000p\000t\000a\000d\000a\000s\000\040\000a\000\040\000u\000n\000a\000\040\000i\000s\000o\000m\000e\000t\000r\000\355\000a}{section.2.6}% 38
\BOOKMARK [2][-]{subsection.2.6.7}{\376\377\000V\000e\000c\000t\000o\000r\000e\000s\000\040\000d\000e\000\040\000K\000i\000l\000l\000i\000n\000g\000\040\000y\000\040\000o\000p\000e\000r\000a\000d\000o\000r\000e\000s\000\040\000d\000i\000f\000e\000r\000e\000n\000c\000i\000a\000l\000e\000s}{section.2.6}% 39
\BOOKMARK [1][-]{section.2.7}{\376\377\000C\000o\000n\000e\000x\000i\000\363\000n\000,\000\040\000d\000e\000r\000i\000v\000a\000d\000a\000s\000\040\000c\000o\000v\000a\000r\000i\000a\000n\000t\000e\000s\000\040\000y\000\040\000t\000r\000a\000n\000s\000p\000o\000r\000t\000e\000\040\000p\000a\000r\000a\000l\000e\000l\000o}{chapter.2}% 40
\BOOKMARK [2][-]{subsection.2.7.1}{\376\377\000D\000e\000r\000i\000v\000a\000d\000a\000\040\000p\000a\000r\000c\000i\000a\000l\000\040\000d\000e\000\040\000c\000a\000m\000p\000o\000s\000\040\000t\000e\000n\000s\000o\000r\000i\000a\000l\000e\000s}{section.2.7}% 41
\BOOKMARK [2][-]{subsection.2.7.2}{\376\377\000C\000o\000n\000e\000x\000i\000\363\000n\000\040\000y\000\040\000d\000e\000r\000i\000v\000a\000d\000a\000\040\000c\000o\000v\000a\000r\000i\000a\000n\000t\000e\000\040\000d\000e\000\040\000t\000e\000n\000s\000o\000r\000e\000s}{section.2.7}% 42
\BOOKMARK [2][-]{subsection.2.7.3}{\376\377\000T\000r\000a\000n\000s\000p\000o\000r\000t\000e\000\040\000p\000a\000r\000a\000l\000e\000l\000o\000*}{section.2.7}% 43
\BOOKMARK [2][-]{subsection.2.7.4}{\376\377\000I\000n\000t\000e\000g\000r\000a\000b\000i\000l\000i\000d\000a\000d\000*}{section.2.7}% 44
\BOOKMARK [2][-]{subsection.2.7.5}{\376\377\000N\000o\000-\000c\000o\000n\000m\000u\000t\000a\000t\000i\000v\000i\000d\000a\000d\000\040\000d\000e\000\040\000l\000a\000s\000\040\000d\000e\000r\000i\000v\000a\000d\000a\000s\000\040\000c\000o\000v\000a\000r\000i\000a\000n\000t\000e\000s\000,\000\040\000c\000u\000r\000v\000a\000t\000u\000r\000a\000\040\000y\000\040\000t\000o\000r\000s\000i\000\363\000n}{section.2.7}% 45
\BOOKMARK [2][-]{subsection.2.7.6}{\376\377\000I\000n\000t\000e\000r\000p\000r\000e\000t\000a\000c\000i\000\363\000n\000\040\000g\000e\000o\000m\000\351\000t\000r\000i\000c\000a\000\040\000d\000e\000\040\000l\000a\000\040\000c\000u\000r\000v\000a\000t\000u\000r\000a\000*}{section.2.7}% 46
\BOOKMARK [2][-]{subsection.2.7.7}{\376\377\000I\000n\000t\000e\000r\000p\000r\000e\000t\000a\000c\000i\000\363\000n\000\040\000g\000e\000o\000m\000\351\000t\000r\000i\000c\000a\000\040\000d\000e\000\040\000l\000a\000\040\000t\000o\000r\000s\000i\000\363\000n\000*}{section.2.7}% 47
\BOOKMARK [2][-]{subsection.2.7.8}{\376\377\000C\000u\000r\000v\000a\000s\000\040\000a\000u\000t\000o\000p\000a\000r\000a\000l\000e\000l\000a\000s\000*}{section.2.7}% 48
\BOOKMARK [1][-]{section.2.8}{\376\377\000G\000e\000o\000m\000e\000t\000r\000\355\000a\000\040\000r\000i\000e\000m\000a\000n\000n\000i\000a\000n\000a}{chapter.2}% 49
\BOOKMARK [2][-]{subsection.2.8.1}{\376\377\000P\000r\000o\000p\000i\000e\000d\000a\000d\000e\000s\000\040\000d\000e\000\040\000l\000o\000s\000\040\000s\000\355\000m\000b\000o\000l\000o\000s\000\040\000d\000e\000\040\000C\000h\000r\000i\000s\000t\000o\000f\000f\000e\000l}{section.2.8}% 50
\BOOKMARK [2][-]{subsection.2.8.2}{\376\377\000E\000s\000p\000a\000c\000i\000o\000s\000\040\000p\000l\000a\000n\000o\000s}{section.2.8}% 51
\BOOKMARK [2][-]{subsection.2.8.3}{\376\377\000C\000o\000o\000r\000d\000e\000n\000a\000d\000a\000s\000\040\000g\000e\000o\000d\000\351\000s\000i\000c\000a\000s}{section.2.8}% 52
\BOOKMARK [2][-]{subsection.2.8.4}{\376\377\000P\000r\000o\000p\000i\000e\000d\000a\000d\000e\000s\000\040\000d\000e\000l\000\040\000t\000e\000n\000s\000o\000r\000\040\000d\000e\000\040\000R\000i\000e\000m\000a\000n\000n}{section.2.8}% 53
\BOOKMARK [2][-]{subsection.2.8.5}{\376\377\000T\000e\000n\000s\000o\000r\000\040\000d\000e\000\040\000R\000i\000c\000c\000i\000,\000\040\000y\000\040\000e\000s\000c\000a\000l\000a\000r\000\040\000d\000e\000\040\000c\000u\000r\000v\000a\000t\000u\000r\000a}{section.2.8}% 54
\BOOKMARK [2][-]{subsection.2.8.6}{\376\377\000I\000d\000e\000n\000t\000i\000d\000a\000d\000e\000s\000\040\000d\000e\000\040\000B\000i\000a\000n\000c\000h\000i}{section.2.8}% 55
\BOOKMARK [0][-]{chapter.3}{\376\377\000L\000a\000\040\000t\000e\000o\000r\000\355\000a\000\040\000d\000e\000\040\000E\000i\000n\000s\000t\000e\000i\000n\000\040\000d\000e\000\040\000l\000a\000\040\000g\000r\000a\000v\000i\000t\000a\000c\000i\000\363\000n}{}% 56
\BOOKMARK [1][-]{section.3.1}{\376\377\000G\000r\000a\000v\000i\000t\000a\000c\000i\000\363\000n\000\040\000c\000o\000m\000o\000\040\000c\000u\000r\000v\000a\000t\000u\000r\000a\000\040\000d\000e\000l\000\040\000e\000s\000p\000a\000c\000i\000o\000t\000i\000e\000m\000p\000o}{chapter.3}% 57
\BOOKMARK [1][-]{section.3.2}{\376\377\000M\000\351\000t\000r\000i\000c\000a\000,\000\040\000t\000r\000a\000y\000e\000c\000t\000o\000r\000i\000a\000s\000,\000\040\000t\000i\000e\000m\000p\000o\000\040\000p\000r\000o\000p\000i\000o\000\040\000y\000\040\000c\000o\000o\000r\000d\000e\000n\000a\000d\000a\000s}{chapter.3}% 58
\BOOKMARK [2][-]{subsection.3.2.1}{\376\377\000S\000o\000b\000r\000e\000\040\000c\000o\000o\000r\000d\000e\000n\000a\000d\000a\000s\000\040\000t\000i\000p\000o\000\040\000e\000s\000p\000a\000c\000i\000o\000,\000\040\000t\000i\000p\000o\000\040\000t\000i\000e\000m\000p\000o\000\040\000y\000\040\000t\000i\000p\000o\000\040\000l\000u\000z}{section.3.2}% 59
\BOOKMARK [1][-]{section.3.3}{\376\377\000L\000\355\000m\000i\000t\000e\000\040\000N\000e\000w\000t\000o\000n\000i\000a\000n\000o}{chapter.3}% 60
\BOOKMARK [2][-]{subsection.3.3.1}{\376\377\000R\000e\000d\000s\000h\000i\000f\000t\000\040\000g\000r\000a\000v\000i\000t\000a\000c\000i\000o\000n\000a\000l\000\040\000e\000n\000\040\000e\000l\000\040\000l\000\355\000m\000i\000t\000e\000\040\000n\000e\000w\000t\000o\000n\000i\000a\000n\000o}{section.3.3}% 61
\BOOKMARK [1][-]{section.3.4}{\376\377\000E\000c\000u\000a\000c\000i\000o\000n\000e\000s\000\040\000d\000e\000\040\000c\000a\000m\000p\000o\000\040\000d\000e\000\040\000E\000i\000n\000s\000t\000e\000i\000n}{chapter.3}% 62
\BOOKMARK [2][-]{subsection.3.4.1}{\376\377\000F\000l\000u\000i\000d\000o\000\040\000p\000e\000r\000f\000e\000c\000t\000o\000\040\000s\000i\000n\000\040\000p\000r\000e\000s\000i\000\363\000n\000\040\000y\000\040\000g\000e\000o\000d\000\351\000s\000i\000c\000a\000s\000*}{section.3.4}% 63
\BOOKMARK [1][-]{section.3.5}{\376\377\000L\000a\000\040\000s\000o\000l\000u\000c\000i\000\363\000n\000\040\000d\000e\000\040\000S\000c\000h\000w\000a\000r\000z\000s\000c\000h\000i\000l\000d}{chapter.3}% 64
\BOOKMARK [2][-]{subsection.3.5.1}{\376\377\000S\000o\000l\000u\000c\000i\000\363\000n\000\040\000d\000e\000\040\000S\000c\000h\000w\000a\000r\000z\000s\000c\000h\000i\000l\000d\000\040\000E\000x\000t\000e\000r\000i\000o\000r}{section.3.5}% 65
\BOOKMARK [2][-]{subsection.3.5.2}{\376\377\000S\000o\000l\000u\000c\000i\000\363\000n\000\040\000d\000e\000\040\000S\000c\000h\000w\000a\000r\000z\000s\000c\000h\000i\000l\000d\000\040\000e\000n\000\040\000c\000o\000o\000r\000d\000e\000n\000a\000d\000a\000s\000\040\000i\000s\000o\000t\000r\000\363\000p\000i\000c\000a\000s}{section.3.5}% 66
\BOOKMARK [2][-]{subsection.3.5.3}{\376\377\000G\000e\000o\000d\000\351\000s\000i\000c\000a\000s\000\040\000e\000n\000\040\000l\000a\000\040\000g\000e\000o\000m\000e\000t\000r\000\355\000a\000\040\000d\000e\000\040\000S\000c\000h\000w\000a\000r\000z\000s\000c\000h\000i\000l\000d}{section.3.5}% 67
\BOOKMARK [2][-]{subsection.3.5.4}{\376\377\000G\000e\000o\000d\000\351\000s\000i\000c\000a\000s\000\040\000t\000i\000p\000o\000\040\000t\000i\000e\000m\000p\000o}{section.3.5}% 68
\BOOKMARK [2][-]{subsection.3.5.5}{\376\377\000D\000e\000s\000v\000\355\000o\000\040\000d\000e\000\040\000l\000a\000\040\000l\000u\000z}{section.3.5}% 69
\BOOKMARK [2][-]{subsection.3.5.6}{\376\377\000R\000e\000d\000s\000h\000i\000f\000t\000\040\000G\000r\000a\000v\000i\000t\000a\000c\000i\000o\000n\000a\000l}{section.3.5}% 70
\BOOKMARK [2][-]{subsection.3.5.7}{\376\377\000T\000i\000e\000m\000p\000o\000\040\000d\000e\000\040\000V\000u\000e\000l\000o\000\040\000\050\000E\000f\000e\000c\000t\000o\000\040\000S\000h\000a\000p\000i\000r\000o\000\051\000*}{section.3.5}% 71
\BOOKMARK [0][-]{chapter.4}{\376\377\000A\000g\000u\000j\000e\000r\000o\000s\000\040\000N\000e\000g\000r\000o\000s\000\040\000*\000*\000*\000P\000R\000E\000L\000I\000M\000I\000N\000A\000R\000*\000*\000*}{}% 72
\BOOKMARK [1][-]{section.4.1}{\376\377\000S\000i\000n\000g\000u\000l\000a\000r\000i\000d\000a\000d\000e\000s\000\040\000y\000\040\000r\000a\000d\000i\000o\000\040\000d\000e\000\040\000S\000c\000h\000w\000a\000r\000z\000s\000c\000h\000i\000l\000d}{chapter.4}% 73
\BOOKMARK [2][-]{subsection.4.1.1}{\376\377\000D\000i\000a\000g\000r\000a\000m\000a\000\040\000E\000s\000p\000a\000c\000i\000o\000-\000T\000e\000m\000p\000o\000r\000a\000l\000\040\000e\000n\000\040\000C\000o\000o\000r\000d\000e\000n\000a\000d\000a\000s\000\040\000d\000e\000\040\000S\000c\000h\000w\000a\000r\000z\000s\000c\000h\000i\000l\000d}{section.4.1}% 74
\BOOKMARK [2][-]{subsection.4.1.2}{\376\377\000C\000o\000o\000r\000d\000e\000n\000a\000d\000a\000s\000\040\000d\000e\000\040\000E\000d\000d\000i\000n\000g\000t\000o\000n\000-\000F\000i\000n\000k\000e\000l\000s\000t\000e\000i\000n}{section.4.1}% 75
\BOOKMARK [2][-]{subsection.4.1.3}{\376\377\000P\000a\000r\000t\000\355\000c\000u\000l\000a\000s\000\040\000c\000a\000y\000e\000n\000d\000o\000\040\000r\000a\000d\000i\000a\000l\000m\000e\000n\000t\000e}{section.4.1}% 76
\BOOKMARK [1][-]{section.4.2}{\376\377\000C\000o\000l\000a\000p\000s\000o\000\040\000g\000r\000a\000v\000i\000t\000a\000c\000i\000o\000n\000a\000l}{chapter.4}% 77
\BOOKMARK [0][-]{chapter.5}{\376\377\000A\000g\000u\000j\000e\000r\000o\000s\000\040\000N\000e\000g\000r\000o\000s\000\040\000R\000o\000t\000a\000n\000t\000e\000s\000\040\000*\000*\000*\000P\000R\000E\000L\000I\000M\000I\000N\000A\000R\000*\000*\000*}{}% 78
\BOOKMARK [1][-]{section.5.1}{\376\377\000S\000o\000l\000u\000c\000i\000\363\000n\000\040\000d\000e\000\040\000K\000e\000r\000r}{chapter.5}% 79
\BOOKMARK [2][-]{subsection.5.1.1}{\376\377\000S\000i\000n\000g\000u\000l\000a\000r\000i\000d\000a\000d\000e\000s\000\040\000y\000\040\000H\000o\000r\000i\000z\000o\000n\000t\000e\000s\000\040\000d\000e\000\040\000l\000a\000\040\000S\000o\000l\000u\000c\000i\000\363\000n\000\040\000d\000e\000\040\000K\000e\000r\000r}{section.5.1}% 80
\BOOKMARK [2][-]{subsection.5.1.2}{\376\377\000G\000e\000o\000d\000\351\000s\000i\000c\000a\000s\000\040\000t\000i\000p\000o\000\040\000l\000u\000z}{section.5.1}% 81
\BOOKMARK [2][-]{subsection.5.1.3}{\376\377\000D\000i\000a\000g\000r\000a\000m\000a\000\040\000E\000s\000p\000a\000c\000i\000o\000-\000T\000e\000m\000p\000o\000r\000a\000l}{section.5.1}% 82
\BOOKMARK [2][-]{subsection.5.1.4}{\376\377\000L\000\355\000m\000i\000t\000e\000\040\000E\000s\000t\000a\000c\000i\000o\000n\000a\000r\000i\000o\000\040\000y\000\040\000O\000b\000s\000e\000r\000v\000a\000d\000o\000r\000e\000s\000\040\000E\000s\000t\000a\000c\000i\000o\000n\000a\000r\000i\000o\000s}{section.5.1}% 83
\BOOKMARK [1][-]{section.5.2}{\376\377\000E\000x\000t\000r\000a\000c\000c\000i\000\363\000n\000\040\000d\000e\000\040\000e\000n\000e\000r\000g\000\355\000a\000\040\000d\000e\000\040\000u\000n\000\040\000A\000g\000u\000j\000e\000r\000o\000\040\000N\000e\000g\000r\000o\000\040\000R\000o\000t\000a\000n\000t\000e}{chapter.5}% 84
\BOOKMARK [2][-]{subsection.5.2.1}{\376\377\000G\000e\000o\000d\000\351\000s\000i\000c\000a\000s\000\040\000t\000i\000p\000o\000\040\000t\000i\000e\000m\000p\000o}{section.5.2}% 85
\BOOKMARK [2][-]{subsection.5.2.2}{\376\377\000R\000e\000g\000i\000\363\000n\000\040\000d\000e\000\040\000E\000n\000e\000r\000g\000\355\000a\000\040\000N\000e\000g\000a\000t\000i\000v\000a}{section.5.2}% 86
\BOOKMARK [2][-]{subsection.5.2.3}{\376\377\000M\000e\000c\000a\000n\000i\000s\000m\000o\000\040\000d\000e\000\040\000P\000e\000n\000r\000o\000s\000e}{section.5.2}% 87
\BOOKMARK [0][-]{chapter.6}{\376\377\000C\000a\000m\000p\000o\000s\000\040\000g\000r\000a\000v\000i\000t\000a\000c\000i\000o\000n\000a\000l\000e\000s\000\040\000d\000\351\000b\000i\000l\000e\000s\000\040\000y\000\040\000o\000n\000d\000a\000s\000\040\000g\000r\000a\000v\000i\000t\000a\000c\000i\000o\000n\000a\000l\000e\000s}{}% 88
\BOOKMARK [1][-]{section.6.1}{\376\377\000E\000x\000p\000a\000n\000s\000i\000\363\000n\000\040\000e\000n\000\040\000p\000o\000t\000e\000n\000c\000i\000a\000s\000\040\000d\000e\000\040\000G}{chapter.6}% 89
\BOOKMARK [2][-]{subsection.6.1.1}{\376\377\000E\000x\000p\000a\000n\000s\000i\000\363\000n\000\040\000a\000\040\000p\000r\000i\000m\000e\000r\000\040\000o\000r\000d\000e\000n}{section.6.1}% 90
\BOOKMARK [1][-]{section.6.2}{\376\377\000E\000c\000u\000a\000c\000i\000o\000n\000e\000s\000\040\000d\000e\000\040\000E\000i\000n\000s\000t\000e\000i\000n\000\040\000l\000i\000n\000e\000a\000l\000i\000z\000a\000d\000a\000s}{chapter.6}% 91
\BOOKMARK [1][-]{section.6.3}{\376\377\000T\000r\000a\000n\000s\000f\000o\000r\000m\000a\000c\000i\000o\000n\000e\000s\000\040\000d\000e\000\040\000g\000a\000u\000g\000e}{chapter.6}% 92
\BOOKMARK [2][-]{subsection.6.3.1}{\376\377\000I\000n\000v\000a\000r\000i\000a\000n\000c\000i\000a\000\040\000d\000e\000\040\000g\000a\000u\000g\000e}{section.6.3}% 93
\BOOKMARK [2][-]{subsection.6.3.2}{\376\377\000G\000a\000u\000g\000e\000\040\000d\000e\000\040\000L\000o\000r\000e\000n\000z}{section.6.3}% 94
\BOOKMARK [1][-]{section.6.4}{\376\377\000O\000n\000d\000a\000s\000\040\000g\000r\000a\000v\000i\000t\000a\000c\000i\000o\000n\000a\000l\000e\000s\000\040\000p\000l\000a\000n\000a\000s\000:\000\040\000d\000o\000s\000\040\000p\000o\000l\000a\000r\000i\000z\000a\000c\000i\000o\000n\000e\000s}{chapter.6}% 95
\BOOKMARK [1][-]{section.6.5}{\376\377\000E\000f\000e\000c\000t\000o\000s\000\040\000d\000e\000\040\000u\000n\000a\000\040\000o\000n\000d\000a\000\040\000g\000r\000a\000v\000i\000t\000a\000c\000i\000o\000n\000a\000l\000:\000\040\000p\000r\000i\000n\000c\000i\000p\000i\000o\000\040\000d\000e\000\040\000u\000n\000\040\000d\000e\000t\000e\000c\000t\000o\000r\000\040\000d\000e\000\040\000o\000n\000d\000a\000s\000\040\000g\000r\000a\000v\000i\000t\000a\000c\000i\000o\000n\000a\000l\000e\000s}{chapter.6}% 96
\BOOKMARK [1][-]{section.6.6}{\376\377\000G\000e\000n\000e\000r\000a\000c\000i\000\363\000n\000\040\000d\000e\000\040\000o\000n\000d\000a\000s\000\040\000g\000r\000a\000v\000i\000t\000a\000c\000i\000o\000n\000a\000l\000e\000s}{chapter.6}% 97
\BOOKMARK [2][-]{subsection.6.6.1}{\376\377\000E\000j\000e\000m\000p\000l\000o}{section.6.6}% 98
\BOOKMARK [1][-]{section.6.7}{\376\377\000E\000x\000p\000a\000n\000s\000i\000\363\000n\000\040\000h\000a\000s\000t\000a\000\040\000o\000r\000d\000e\000n\000\040\000c\000u\000a\000d\000r\000\341\000t\000i\000c\000o\000\040\000e\000n\000\040\000G}{chapter.6}% 99
\BOOKMARK [1][-]{section.6.8}{\376\377\000E\000c\000u\000a\000c\000i\000o\000n\000e\000s\000\040\000d\000e\000\040\000E\000i\000n\000s\000t\000e\000i\000n\000\040\000a\000\040\000s\000e\000g\000u\000n\000d\000o\000\040\000o\000r\000d\000e\000n}{chapter.6}% 100
\BOOKMARK [2][-]{subsection.6.8.1}{\376\377\000G\000a\000u\000g\000e\000s}{section.6.8}% 101
\BOOKMARK [2][-]{subsection.6.8.2}{\376\377\000T\000e\000n\000s\000o\000r\000\040\000d\000e\000\040\000e\000n\000e\000r\000g\000\355\000a\000-\000m\000o\000m\000e\000n\000t\000u\000m\000\040\000d\000e\000l\000\040\000c\000a\000m\000p\000o\000\040\000g\000r\000a\000v\000i\000t\000a\000c\000i\000o\000n\000a\000l\000:\000\040\000c\000o\000n\000\040\000g\000a\000u\000g\000e\000s\000,\000\040\000e\000n\000\040\000e\000l\000\040\000v\000a\000c\000\355\000o}{section.6.8}% 102
\BOOKMARK [1][-]{section.6.9}{\376\377\000F\000\363\000r\000m\000u\000l\000a\000\040\000c\000u\000a\000d\000r\000u\000p\000o\000l\000a\000r\000\040\000p\000a\000r\000a\000\040\000l\000a\000\040\000p\000o\000t\000e\000n\000c\000i\000a\000\040\000r\000a\000d\000i\000a\000d\000a}{chapter.6}% 103
\BOOKMARK [2][-]{subsection.6.9.1}{\376\377\000T\000r\000a\000n\000s\000f\000o\000r\000m\000a\000c\000i\000\363\000n\000\040\000d\000e\000\040\000u\000n\000a\000\040\000o\000n\000d\000a\000\040\000p\000l\000a\000n\000a}{section.6.9}% 104
\BOOKMARK [2][-]{subsection.6.9.2}{\376\377\000T\000r\000a\000n\000s\000f\000o\000r\000m\000a\000c\000i\000\363\000n\000\040\000d\000e\000\040\000o\000n\000d\000a\000s\000\040\000e\000s\000f\000\351\000r\000i\000c\000a\000s\000\040\000e\000n\000\040\000l\000a\000\040\000z\000o\000n\000a\000\040\000d\000e\000\040\000r\000a\000d\000i\000a\000c\000i\000\363\000n}{section.6.9}% 105
\BOOKMARK [2][-]{subsection.6.9.3}{\376\377\000E\000j\000e\000m\000p\000l\000o\000:\000\040\000P\000o\000t\000e\000n\000c\000i\000a\000\040\000r\000a\000d\000i\000a\000d\000a\000\040\000p\000o\000r\000\040\000u\000n\000\040\000s\000i\000s\000t\000e\000m\000a\000\040\000b\000i\000n\000a\000r\000i\000o}{section.6.9}% 106
\BOOKMARK [0][-]{chapter.7}{\376\377\000E\000l\000e\000m\000e\000n\000t\000o\000s\000\040\000d\000e\000\040\000C\000o\000s\000m\000o\000l\000o\000g\000\355\000a\000\040\000*\000*\000*\000P\000R\000E\000L\000I\000M\000I\000N\000A\000R\000*\000*\000*}{}% 107
\BOOKMARK [1][-]{section.7.1}{\376\377\000E\000s\000p\000a\000c\000i\000o\000s\000\040\000d\000e\000\040\000C\000u\000r\000v\000a\000t\000u\000r\000a\000\040\000c\000o\000n\000s\000t\000a\000n\000t\000e}{chapter.7}% 108
\BOOKMARK [1][-]{section.7.2}{\376\377\000L\000a\000\040\000m\000\351\000t\000r\000i\000c\000a\000\040\000d\000e\000\040\000F\000r\000i\000e\000d\000m\000a\000n\000-\000L\000e\000m\000a\000\356\000t\000r\000e\000-\000R\000o\000b\000e\000r\000t\000s\000o\000n\000-\000W\000a\000l\000k\000e\000r}{chapter.7}% 109
\BOOKMARK [1][-]{section.7.3}{\376\377\000O\000b\000s\000e\000r\000v\000a\000d\000o\000r\000e\000s\000\040\000c\000o\000m\000\363\000v\000i\000l\000e\000s}{chapter.7}% 110
\BOOKMARK [1][-]{section.7.4}{\376\377\000R\000e\000d\000s\000h\000i\000f\000t\000\040\000C\000o\000s\000m\000o\000l\000\363\000g\000i\000c\000o}{chapter.7}% 111
\BOOKMARK [1][-]{section.7.5}{\376\377\000D\000e\000f\000i\000n\000i\000c\000i\000o\000n\000e\000s\000\040\000d\000e\000\040\000D\000i\000s\000t\000a\000n\000c\000i\000a}{chapter.7}% 112
\BOOKMARK [2][-]{subsection.7.5.1}{\376\377\000P\000a\000r\000a\000l\000a\000j\000e\000\040\000T\000r\000i\000g\000o\000n\000o\000m\000\351\000t\000r\000i\000c\000o}{section.7.5}% 113
\BOOKMARK [2][-]{subsection.7.5.2}{\376\377\000M\000o\000v\000i\000m\000i\000e\000n\000t\000o\000\040\000P\000r\000o\000p\000i\000o}{section.7.5}% 114
\BOOKMARK [2][-]{subsection.7.5.3}{\376\377\000L\000u\000m\000i\000n\000o\000s\000i\000d\000a\000d\000\040\000A\000p\000a\000r\000e\000n\000t\000e}{section.7.5}% 115
\BOOKMARK [2][-]{subsection.7.5.4}{\376\377\000V\000e\000l\000a\000s\000\040\000E\000s\000t\000a\000n\000d\000a\000r}{section.7.5}% 116
\BOOKMARK [2][-]{subsection.7.5.5}{\376\377\000D\000i\000s\000t\000a\000n\000c\000i\000a\000\040\000d\000e\000\040\000L\000u\000m\000i\000n\000o\000s\000i\000d\000a\000d}{section.7.5}% 117
\BOOKMARK [2][-]{subsection.7.5.6}{\376\377\000D\000i\000s\000t\000a\000n\000c\000i\000a\000\040\000A\000n\000g\000u\000l\000a\000r}{section.7.5}% 118
\BOOKMARK [1][-]{section.7.6}{\376\377\000E\000c\000u\000a\000c\000i\000o\000n\000e\000s\000\040\000d\000e\000\040\000E\000i\000n\000s\000t\000e\000i\000n}{chapter.7}% 119
\BOOKMARK [1][-]{section.7.7}{\376\377\000D\000a\000t\000o\000s\000\040\000e\000x\000p\000e\000r\000i\000m\000e\000n\000t\000a\000l\000e\000s\000,\000\040\000M\000o\000d\000e\000l\000o\000s\000\040\000y\000\040\000A\000j\000u\000s\000t\000e\000s}{chapter.7}% 120
\BOOKMARK [0][-]{chapter.8}{\376\377\000C\000a\000m\000p\000o\000\040\000G\000r\000a\000v\000i\000t\000o\000m\000a\000g\000n\000\351\000t\000i\000c\000o\000\040\000*\000*\000*\000P\000R\000E\000L\000I\000M\000I\000N\000A\000R\000*\000*\000*}{}% 121
\BOOKMARK [1][-]{section.8.1}{\376\377\000I\000n\000t\000r\000o\000d\000u\000c\000c\000i\000\363\000n}{chapter.8}% 122
\BOOKMARK [1][-]{section.8.2}{\376\377\000C\000a\000s\000o\000\040\000d\000e\000\040\000u\000n\000a\000\040\000d\000i\000s\000t\000r\000i\000b\000u\000c\000i\000\363\000n\000\040\000d\000e\000\040\000m\000a\000t\000e\000r\000i\000a\000\040\000n\000o\000-\000r\000e\000l\000a\000t\000i\000v\000i\000s\000t\000a\000\040\000s\000i\000n\000\040\000p\000r\000e\000s\000i\000\363\000n}{chapter.8}% 123
\BOOKMARK [1][-]{section.8.3}{\376\377\000E\000c\000u\000a\000c\000i\000\363\000n\000\040\000d\000e\000\040\000l\000a\000\040\000g\000e\000o\000d\000\351\000s\000i\000c\000a\000\040\000p\000a\000r\000a\000\040\000u\000n\000\040\000c\000u\000e\000r\000p\000o\000\040\000m\000a\000s\000i\000v\000o\000\040\000e\000n\000\040\000t\000\351\000r\000m\000i\000n\000o\000s\000\040\000d\000e\000\040\000l\000o\000s\000\040\000p\000o\000t\000e\000n\000c\000i\000a\000l\000e\000s\000\040\000g\000r\000a\000v\000i\000t\000o\000m\000a\000g\000n\000\351\000t\000i\000c\000o\000s\000.}{chapter.8}% 124
\BOOKMARK [2][-]{subsection.8.3.1}{\376\377\000E\000c\000u\000a\000c\000i\000\363\000n\000\040\000d\000e\000l\000\040\000m\000o\000v\000i\000m\000i\000e\000n\000t\000o\000\040\000d\000e\000\040\000u\000n\000a\000\040\000p\000a\000r\000t\000\355\000c\000u\000l\000a\000\040\000l\000i\000g\000a\000d\000a\000\040\000n\000o\000-\000r\000e\000l\000a\000t\000i\000v\000i\000s\000t\000a\000\040\000y\000\040\000d\000e\000f\000i\000n\000i\000c\000i\000\363\000n\000\040\000d\000e\000\040\000l\000o\000s\000\040\000c\000a\000m\000p\000o\000s\000\040\000g\000r\000a\000v\000i\000t\000o\000m\000a\000g\000n\000\351\000t\000i\000c\000o\000s}{section.8.3}% 125
\BOOKMARK [2][-]{subsection.8.3.2}{\376\377\000F\000o\000r\000m\000a\000\040\000d\000e\000\040\000M\000a\000x\000w\000e\000l\000l\000\040\000d\000e\000\040\000l\000a\000s\000\040\000E\000c\000u\000a\000c\000i\000o\000n\000e\000s\000\040\000d\000e\000l\000\040\000c\000a\000m\000p\000o\000\040\000g\000r\000a\000v\000i\000t\000a\000c\000i\000o\000n\000a\000l\000*}{section.8.3}% 126
\BOOKMARK [1][-]{section.8.4}{\376\377\000C\000a\000m\000p\000o\000\040\000g\000r\000a\000v\000i\000t\000o\000m\000a\000g\000n\000\351\000t\000i\000c\000o\000\040\000p\000r\000o\000d\000u\000c\000i\000d\000o\000\040\000p\000o\000r\000\040\000u\000n\000a\000\040\000d\000i\000s\000t\000r\000i\000b\000u\000c\000i\000\363\000n\000\040\000d\000e\000\040\000m\000a\000s\000a\000\040\000e\000s\000f\000\351\000r\000i\000c\000a\000m\000e\000n\000t\000e\000\040\000s\000i\000m\000\351\000t\000r\000i\000c\000a\000\040\000y\000\040\000e\000s\000t\000a\000c\000i\000o\000n\000a\000r\000i\000a\000\040\000q\000u\000e\000\040\000r\000o\000t\000a\000\040\000l\000e\000n\000t\000a\000m\000e\000n\000t\000e\000\040\000e\000n\000\040\000t\000o\000r\000n\000o\000\040\000a\000\040\000u\000n\000\040\000e\000j\000e\000\040\000f\000i\000j\000o\000.}{chapter.8}% 127
\BOOKMARK [2][-]{subsection.8.4.1}{\376\377\000G\000e\000o\000m\000e\000t\000r\000\355\000a\000\040\000d\000e\000l\000\040\000e\000s\000p\000a\000c\000i\000o\000t\000i\000e\000m\000p\000o\000\040\000f\000u\000e\000r\000a\000\040\000d\000e\000\040\000l\000a\000\040\000d\000i\000s\000t\000r\000i\000b\000u\000c\000i\000\363\000n\000\040\000d\000e\000\040\000m\000a\000s\000a\000\040\000e\000s\000f\000\351\000r\000i\000c\000a\000\040\000r\000o\000t\000a\000n\000t\000e}{section.8.4}% 128
\BOOKMARK [1][-]{section.8.5}{\376\377\000E\000s\000t\000u\000d\000i\000o\000\040\000d\000e\000\040\000\363\000r\000b\000i\000t\000a\000s\000\040\000y\000\040\000r\000e\000s\000o\000l\000u\000c\000i\000\363\000n\000\040\000p\000e\000r\000t\000u\000r\000b\000a\000t\000i\000v\000a\000\040\000d\000e\000\040\000l\000a\000\040\000e\000c\000u\000a\000c\000i\000\363\000n\000\040\000d\000e\000l\000\040\000m\000o\000v\000i\000m\000i\000e\000n\000t\000o\000\040\000p\000a\000r\000a\000\040\000u\000n\000a\000\040\000p\000a\000r\000t\000\355\000c\000u\000l\000a\000\040\000l\000i\000g\000a\000d\000a\000\040\000y\000\040\000n\000o\000-\000r\000e\000l\000a\000t\000i\000v\000i\000s\000t\000a\000\040\000e\000n\000\040\000e\000l\000\040\000e\000s\000p\000a\000c\000i\000o\000t\000i\000e\000m\000p\000o\000\040\000f\000u\000e\000r\000a\000\040\000d\000e\000\040\000u\000n\000a\000\040\000e\000s\000f\000e\000r\000a\000\040\000r\000o\000t\000a\000n\000t\000e\000.}{chapter.8}% 129
\BOOKMARK [1][-]{section.8.6}{\376\377\000P\000r\000e\000c\000e\000s\000i\000\363\000n\000\040\000R\000e\000l\000a\000t\000i\000v\000i\000s\000t\000a\000\040\000d\000e\000\040\000G\000i\000r\000\363\000s\000c\000o\000p\000o\000s}{chapter.8}% 130
\BOOKMARK [2][-]{subsection.8.6.1}{\376\377\000G\000i\000r\000\363\000s\000c\000o\000p\000o\000s\000\040\000y\000\040\0004\000-\000v\000e\000c\000t\000o\000r\000\040\000d\000e\000\040\000s\000p\000i\000n}{section.8.6}% 131
\BOOKMARK [2][-]{subsection.8.6.2}{\376\377\000D\000e\000t\000e\000r\000m\000i\000n\000a\000c\000i\000\363\000n\000\040\000d\000e\000\040\000l\000a\000\040\000v\000e\000l\000o\000c\000i\000d\000a\000d\000\040\000a\000n\000g\000u\000l\000a\000r\000\040\000d\000e\000\040\000p\000r\000e\000c\000e\000s\000i\000\363\000n\000\040\000d\000e\000l\000\040\000s\000p\000i\000n\000\040\000d\000e\000\040\000u\000n\000\040\000g\000i\000r\000\363\000s\000c\000o\000p\000o\000\040\000m\000o\000v\000i\000\351\000n\000d\000o\000s\000e\000\040\000e\000n\000\040\000u\000n\000a\000\040\000g\000e\000o\000d\000\351\000s\000i\000c\000a\000\040\000b\000a\000j\000o\000\040\000l\000a\000\040\000a\000c\000c\000i\000\363\000n\000\040\000d\000e\000l\000\040\000c\000a\000m\000p\000o\000\040\000g\000r\000a\000v\000i\000t\000o\000m\000a\000g\000n\000\351\000t\000i\000c\000o\000.}{section.8.6}% 132
\BOOKMARK [2][-]{subsection.8.6.3}{\376\377\000P\000r\000e\000d\000i\000c\000c\000i\000\363\000n\000\040\000p\000a\000r\000a\000\040\000u\000n\000\040\000g\000i\000r\000\363\000s\000c\000o\000p\000o\000\040\000q\000u\000e\000\040\000o\000r\000b\000i\000t\000a\000\040\000l\000a\000\040\000T\000i\000e\000r\000r\000a\000\040\000y\000\040\000q\000u\000e\000\040\000i\000n\000t\000e\000n\000t\000a\000\040\000m\000e\000d\000i\000r\000\040\000e\000l\000\040\000G\000P\000B}{section.8.6}% 133
\BOOKMARK [0][-]{chapter.9}{\376\377\000E\000q\000u\000i\000l\000i\000b\000r\000i\000o\000\040\000E\000s\000t\000e\000l\000a\000r\000\040\000N\000e\000w\000t\000o\000n\000i\000a\000n\000o}{}% 134
\BOOKMARK [1][-]{section.9.1}{\376\377\000E\000c\000u\000a\000c\000i\000o\000n\000e\000s\000\040\000d\000e\000\040\000e\000q\000u\000i\000l\000i\000b\000r\000i\000o}{chapter.9}% 135
\BOOKMARK [1][-]{section.9.2}{\376\377\000R\000e\000s\000o\000l\000v\000i\000e\000n\000d\000o\000\040\000l\000a\000s\000\040\000e\000c\000u\000a\000c\000i\000o\000n\000e\000s\000\040\000d\000e\000\040\000e\000s\000t\000r\000u\000c\000t\000u\000r\000a}{chapter.9}% 136
\BOOKMARK [1][-]{section.9.3}{\376\377\000S\000o\000l\000u\000c\000i\000\363\000n\000:\000\040\000D\000e\000n\000s\000i\000d\000a\000d\000\040\000c\000o\000n\000s\000t\000a\000n\000t\000e}{chapter.9}% 137
\BOOKMARK [2][-]{subsection.9.3.1}{\376\377\000O\000b\000t\000e\000n\000i\000e\000n\000d\000o\000\040\000l\000a\000\040\000p\000r\000e\000s\000i\000\363\000n\000\040\000P\000\050\000r\000\051}{section.9.3}% 138
\BOOKMARK [2][-]{subsection.9.3.2}{\376\377\000V\000a\000l\000i\000d\000e\000z\000\040\000d\000e\000\040\000l\000a\000\040\000d\000e\000s\000c\000r\000i\000p\000c\000i\000\363\000n\000\040\000n\000e\000w\000t\000o\000n\000i\000a\000n\000a}{section.9.3}% 139
\BOOKMARK [1][-]{section.9.4}{\376\377\000S\000o\000l\000u\000c\000i\000\363\000n\000:\000\040\000E\000s\000t\000r\000e\000l\000l\000a\000s\000\040\000p\000o\000l\000i\000t\000r\000\363\000p\000i\000c\000a\000s}{chapter.9}% 140
\BOOKMARK [2][-]{subsection.9.4.1}{\376\377\000E\000c\000u\000a\000c\000i\000\363\000n\000\040\000d\000e\000\040\000L\000a\000n\000e\000-\000E\000m\000d\000e\000n}{section.9.4}% 141
\BOOKMARK [2][-]{subsection.9.4.2}{\376\377\000P\000r\000o\000p\000i\000e\000d\000a\000d\000e\000s\000\040\000f\000\355\000s\000i\000c\000a\000s\000\040\000d\000e\000\040\000l\000a\000s\000\040\000f\000u\000n\000c\000i\000o\000n\000e\000s\000\040\000d\000e\000\040\000L\000a\000n\000e\000-\000E\000m\000d\000e\000n}{section.9.4}% 142
\BOOKMARK [2][-]{subsection.9.4.3}{\376\377\000S\000o\000l\000u\000c\000i\000o\000n\000e\000s\000\040\000e\000x\000a\000c\000t\000a\000s\000\040\000d\000e\000\040\000l\000a\000\040\000e\000c\000u\000a\000c\000i\000\363\000n\000\040\000d\000e\000\040\000L\000a\000n\000e\000-\000E\000m\000d\000e\000n}{section.9.4}% 143
\BOOKMARK [2][-]{subsection.9.4.4}{\376\377\000S\000o\000l\000u\000c\000i\000o\000n\000e\000s\000\040\000n\000u\000m\000\351\000r\000i\000c\000a\000s\000\040\000d\000e\000\040\000l\000a\000\040\000e\000c\000u\000a\000c\000i\000\363\000n\000\040\000d\000e\000\040\000L\000a\000n\000e\000-\000E\000m\000d\000e\000n}{section.9.4}% 144
\BOOKMARK [2][-]{subsection.9.4.5}{\376\377\000C\000o\000m\000p\000o\000r\000t\000a\000m\000i\000e\000n\000t\000o\000\040\000f\000\355\000s\000i\000c\000o\000\040\000d\000e\000\040\000a\000l\000g\000u\000n\000a\000s\000\040\000s\000o\000l\000u\000c\000i\000o\000n\000e\000s\000\040\000p\000a\000r\000t\000i\000c\000u\000l\000a\000r\000e\000s}{section.9.4}% 145
\BOOKMARK [1][-]{section.9.5}{\376\377\000S\000o\000l\000u\000c\000i\000\363\000n\000\040\000e\000x\000a\000c\000t\000a\000\040\000p\000a\000r\000a\000\040\000g\000a\000s\000\040\000d\000e\000\040\000F\000e\000r\000m\000i}{chapter.9}% 146
\BOOKMARK [2][-]{subsection.9.5.1}{\376\377\000E\000c\000u\000a\000c\000i\000\363\000n\000\040\000d\000e\000\040\000e\000s\000t\000r\000u\000c\000t\000u\000r\000a\000\040\000d\000e\000\040\000F\000e\000r\000m\000i}{section.9.5}% 147
\BOOKMARK [2][-]{subsection.9.5.2}{\376\377\000P\000r\000o\000p\000i\000e\000d\000a\000d\000e\000s\000\040\000f\000\355\000s\000i\000c\000a\000s\000\040\000d\000e\000\040\000l\000a\000\040\000e\000c\000u\000a\000c\000i\000\363\000n\000\040\000d\000e\000\040\000e\000s\000t\000r\000u\000c\000t\000u\000r\000a\000\040\000d\000e\000\040\000F\000e\000r\000m\000i}{section.9.5}% 148
\BOOKMARK [2][-]{subsection.9.5.3}{\376\377\000C\000a\000s\000o\000s\000\040\000l\000\355\000m\000i\000t\000e\000\040\000d\000e\000\040\000l\000a\000s\000\040\000s\000o\000l\000u\000c\000i\000o\000n\000e\000s}{section.9.5}% 149
\BOOKMARK [2][-]{subsection.9.5.4}{\376\377\000S\000o\000l\000u\000c\000i\000\363\000n\000\040\000n\000u\000m\000\351\000r\000i\000c\000a\000\040\000d\000e\000\040\000l\000a\000\040\000e\000c\000u\000a\000c\000i\000\363\000n\000\040\000d\000e\000\040\000e\000s\000t\000r\000u\000c\000t\000u\000r\000a\000\040\000d\000e\000\040\000F\000e\000r\000m\000i}{section.9.5}% 150
\BOOKMARK [1][-]{section.9.6}{\376\377\000A\000p\000l\000i\000c\000a\000c\000i\000\363\000n\000:\000\040\000E\000s\000t\000r\000e\000l\000l\000a\000s\000\040\000d\000e\000g\000e\000n\000e\000r\000a\000d\000a\000s}{chapter.9}% 151
\BOOKMARK [2][-]{subsection.9.6.1}{\376\377\000E\000n\000a\000n\000a\000s\000\040\000b\000l\000a\000n\000c\000a\000s}{section.9.6}% 152
\BOOKMARK [2][-]{subsection.9.6.2}{\376\377\000E\000s\000t\000r\000e\000l\000l\000a\000s\000\040\000d\000e\000\040\000n\000e\000u\000t\000r\000o\000n\000e\000s}{section.9.6}% 153
\BOOKMARK [0][-]{chapter.10}{\376\377\000E\000q\000u\000i\000l\000i\000b\000r\000i\000o\000\040\000E\000s\000t\000e\000l\000a\000r\000\040\000R\000e\000l\000a\000t\000i\000v\000i\000s\000t\000a}{}% 154
\BOOKMARK [1][-]{section.10.1}{\376\377\000M\000\351\000t\000r\000i\000c\000a\000\040\000d\000e\000\040\000S\000c\000h\000w\000a\000r\000z\000s\000c\000h\000i\000l\000d\000\040\000i\000n\000t\000e\000r\000n\000a}{chapter.10}% 155
\BOOKMARK [2][-]{subsection.10.1.1}{\376\377\000E\000c\000u\000a\000c\000i\000o\000n\000e\000s\000\040\000d\000e\000\040\000E\000i\000n\000s\000t\000e\000i\000n\000\040\000p\000a\000r\000a\000\040\000u\000n\000\040\000f\000l\000u\000i\000d\000o\000\040\000i\000d\000e\000a\000l}{section.10.1}% 156
\BOOKMARK [2][-]{subsection.10.1.2}{\376\377\000M\000\351\000t\000r\000i\000c\000a\000\040\000d\000e\000\040\000S\000c\000h\000w\000a\000r\000z\000s\000c\000h\000i\000l\000d\000\040\000i\000n\000t\000e\000r\000i\000o\000r}{section.10.1}% 157
\BOOKMARK [1][-]{section.10.2}{\376\377\000E\000c\000u\000a\000c\000i\000\363\000n\000\040\000d\000e\000\040\000T\000o\000l\000m\000a\000n\000-\000O\000p\000p\000e\000n\000h\000e\000i\000m\000e\000r\000-\000V\000o\000l\000k\000o\000f\000f}{chapter.10}% 158
\BOOKMARK [2][-]{subsection.10.2.1}{\376\377\000E\000c\000u\000a\000c\000i\000o\000n\000e\000s\000\040\000d\000e\000\040\000E\000s\000t\000r\000u\000c\000t\000u\000r\000a\000\040\000E\000s\000t\000e\000l\000a\000r}{section.10.2}% 159
\BOOKMARK [2][-]{subsection.10.2.2}{\376\377\000P\000r\000o\000p\000i\000e\000d\000a\000d\000e\000s\000\040\000d\000e\000\040\000l\000a\000\040\000e\000c\000u\000a\000c\000i\000\363\000n\000\040\000T\000O\000V}{section.10.2}% 160
\BOOKMARK [1][-]{section.10.3}{\376\377\000S\000o\000l\000u\000c\000i\000\363\000n\000:\000\040\000D\000e\000n\000s\000i\000d\000a\000d\000\040\000c\000o\000n\000s\000t\000a\000n\000t\000e}{chapter.10}% 161
\BOOKMARK [2][-]{subsection.10.3.1}{\376\377\000O\000b\000t\000e\000n\000i\000e\000n\000d\000o\000\040\000l\000a\000\040\000p\000r\000e\000s\000i\000\363\000n\000\040\000P\000\050\000r\000\051\000\040\000r\000e\000l\000a\000t\000i\000v\000i\000s\000t\000a}{section.10.3}% 162
\BOOKMARK [2][-]{subsection.10.3.2}{\376\377\000O\000b\000t\000e\000n\000i\000e\000n\000d\000o\000\040\000l\000o\000s\000\040\000c\000o\000e\000f\000i\000c\000i\000e\000n\000t\000e\000s\000\040\000m\000\351\000t\000r\000i\000c\000o\000s}{section.10.3}% 163
\BOOKMARK [2][-]{subsection.10.3.3}{\376\377\000E\000s\000t\000a\000b\000i\000l\000i\000d\000a\000d\000\040\000d\000e\000\040\000l\000a\000\040\000s\000o\000l\000u\000c\000i\000\363\000n}{section.10.3}% 164
\BOOKMARK [1][-]{section.10.4}{\376\377\000S\000o\000l\000u\000c\000i\000\363\000n\000\040\000n\000u\000m\000\351\000r\000i\000c\000a\000\040\000p\000a\000r\000a\000\040\000g\000a\000s\000\040\000i\000d\000e\000a\000l\000\040\000d\000e\000\040\000F\000e\000r\000m\000i}{chapter.10}% 165
\BOOKMARK [2][-]{subsection.10.4.1}{\376\377\000R\000e\000d\000u\000c\000c\000i\000\363\000n\000\040\000d\000e\000\040\000l\000a\000s\000\040\000e\000c\000u\000a\000c\000i\000o\000n\000e\000s\000\040\000a\000\040\000l\000a\000\040\000f\000o\000r\000m\000a\000\040\000d\000e\000\040\000O\000V}{section.10.4}% 166
\BOOKMARK [2][-]{subsection.10.4.2}{\376\377\000M\000\351\000t\000o\000d\000o\000\040\000y\000\040\000G\000r\000\341\000f\000i\000c\000o\000s}{section.10.4}% 167
\BOOKMARK [0][-]{appendix.Alph1}{\376\377\000P\000r\000o\000b\000l\000e\000m\000a\000\040\000d\000e\000\040\000K\000e\000p\000l\000e\000r\000\040\000N\000e\000w\000t\000o\000n\000i\000a\000n\000o}{}% 168
\BOOKMARK [0][-]{appendix.Alph2}{\376\377\000N\000o\000c\000i\000o\000n\000e\000s\000\040\000d\000e\000\040\000T\000e\000r\000m\000o\000d\000i\000n\000\341\000m\000i\000c\000a}{}% 169
\BOOKMARK [1][-]{section.Alph2.1}{\376\377\000P\000r\000i\000m\000e\000r\000a\000\040\000l\000e\000y\000\040\000d\000e\000\040\000l\000a\000\040\000T\000e\000r\000m\000o\000d\000i\000n\000\341\000m\000i\000c\000a}{appendix.Alph2}% 170
\BOOKMARK [1][-]{section.Alph2.2}{\376\377\000E\000c\000u\000a\000c\000i\000\363\000n\000\040\000d\000e\000\040\000e\000s\000t\000a\000d\000o\000\040\000a\000d\000i\000a\000b\000\341\000t\000i\000c\000a\000\040\000o\000\040\000p\000o\000l\000i\000t\000r\000\363\000p\000i\000c\000a}{appendix.Alph2}% 171
\BOOKMARK [1][-]{section.Alph2.3}{\376\377\000I\000n\000v\000o\000l\000u\000c\000r\000a\000n\000d\000o\000\040\000l\000a\000\040\000T\000e\000m\000p\000e\000r\000a\000t\000u\000r\000a\000\040\000y\000\040\000E\000n\000t\000r\000o\000p\000\355\000a}{appendix.Alph2}% 172
\BOOKMARK [1][-]{section.Alph2.4}{\376\377\000E\000c\000u\000a\000c\000i\000o\000n\000e\000s\000\040\000d\000e\000\040\000e\000s\000t\000a\000d\000o\000\040\000d\000e\000\040\000F\000e\000r\000m\000i}{appendix.Alph2}% 173
\BOOKMARK [2][-]{subsection.Alph2.4.1}{\376\377\000D\000e\000f\000i\000n\000i\000c\000i\000o\000n\000e\000s\000\040\000e\000s\000t\000a\000d\000\355\000s\000t\000i\000c\000a\000s}{section.Alph2.4}% 174
\BOOKMARK [2][-]{subsection.Alph2.4.2}{\376\377\000F\000u\000n\000c\000i\000\363\000n\000\040\000d\000e\000\040\000d\000i\000s\000t\000r\000i\000b\000u\000c\000i\000\363\000n\000\040\000d\000e\000\040\000F\000e\000r\000m\000i}{section.Alph2.4}% 175
\BOOKMARK [2][-]{subsection.Alph2.4.3}{\376\377\000E\000c\000u\000a\000c\000i\000\363\000n\000\040\000d\000e\000\040\000e\000s\000t\000a\000d\000o\000\040\000d\000e\000\040\000F\000e\000r\000m\000i\000\040\000e\000x\000a\000c\000t\000a}{section.Alph2.4}% 176
\BOOKMARK [2][-]{subsection.Alph2.4.4}{\376\377\000E\000c\000u\000a\000c\000i\000o\000n\000e\000s\000\040\000d\000e\000\040\000e\000s\000t\000a\000d\000o\000\040\000d\000e\000\040\000F\000e\000r\000m\000i\000\040\000a\000p\000r\000o\000x\000i\000m\000a\000d\000a\000s}{section.Alph2.4}% 177
\BOOKMARK [0][-]{appendix.Alph3}{\376\377\000E\000n\000a\000n\000a\000s\000\040\000B\000l\000a\000n\000c\000a\000s\000\040\000y\000\040\000E\000s\000t\000r\000e\000l\000l\000a\000s\000\040\000d\000e\000\040\000N\000e\000u\000t\000r\000o\000n\000e\000s\000:\000\040\000R\000e\000s\000e\000\361\000a\000\040\000H\000i\000s\000t\000\363\000r\000i\000c\000a}{}% 178
\BOOKMARK [0][-]{appendix.Alph4}{\376\377\000C\000o\000n\000s\000t\000a\000n\000t\000e\000s\000\040\000F\000\355\000s\000i\000c\000a\000s\000\040\000\050\000S\000.\000I\000.\000\051}{}% 179
\BOOKMARK [0][-]{appendix*.59}{\376\377\000B\000i\000b\000l\000i\000o\000g\000r\000a\000f\000\355\000a}{}% 180
